Archive member included to satisfy reference by file (symbol)

C:\Users\ryouma\Documents\GitHub\TippyRobot\F767_main\libarm_cortexM7lfdp_math.a(arm_sin_f32.o)
                              Src\omni_wheel.o (arm_sin_f32)
C:\Users\ryouma\Documents\GitHub\TippyRobot\F767_main\libarm_cortexM7lfdp_math.a(arm_common_tables.o)
                              C:\Users\ryouma\Documents\GitHub\TippyRobot\F767_main\libarm_cortexM7lfdp_math.a(arm_sin_f32.o) (sinTable_f32)
c:/program files (x86)/atollic/truestudio for stm32 9.2.0/armtools/bin/../lib/gcc/arm-atollic-eabi/6.3.1/../../../../arm-atollic-eabi/lib/armv7e-m/fpu/fpv5-d16\libc_nano.a(lib_a-init.o)
                              startup\startup_stm32f767xx.o (__libc_init_array)
c:/program files (x86)/atollic/truestudio for stm32 9.2.0/armtools/bin/../lib/gcc/arm-atollic-eabi/6.3.1/../../../../arm-atollic-eabi/lib/armv7e-m/fpu/fpv5-d16\libm.a(lib_a-w_exp.o)
                              Src\sensor.o (exp)
c:/program files (x86)/atollic/truestudio for stm32 9.2.0/armtools/bin/../lib/gcc/arm-atollic-eabi/6.3.1/../../../../arm-atollic-eabi/lib/armv7e-m/fpu/fpv5-d16\libm.a(lib_a-w_log.o)
                              Src\main.o (log)
c:/program files (x86)/atollic/truestudio for stm32 9.2.0/armtools/bin/../lib/gcc/arm-atollic-eabi/6.3.1/../../../../arm-atollic-eabi/lib/armv7e-m/fpu/fpv5-d16\libm.a(lib_a-w_sqrt.o)
                              Src\sensor.o (sqrt)
c:/program files (x86)/atollic/truestudio for stm32 9.2.0/armtools/bin/../lib/gcc/arm-atollic-eabi/6.3.1/../../../../arm-atollic-eabi/lib/armv7e-m/fpu/fpv5-d16\libm.a(lib_a-e_exp.o)
                              c:/program files (x86)/atollic/truestudio for stm32 9.2.0/armtools/bin/../lib/gcc/arm-atollic-eabi/6.3.1/../../../../arm-atollic-eabi/lib/armv7e-m/fpu/fpv5-d16\libm.a(lib_a-w_exp.o) (__ieee754_exp)
c:/program files (x86)/atollic/truestudio for stm32 9.2.0/armtools/bin/../lib/gcc/arm-atollic-eabi/6.3.1/../../../../arm-atollic-eabi/lib/armv7e-m/fpu/fpv5-d16\libm.a(lib_a-e_log.o)
                              c:/program files (x86)/atollic/truestudio for stm32 9.2.0/armtools/bin/../lib/gcc/arm-atollic-eabi/6.3.1/../../../../arm-atollic-eabi/lib/armv7e-m/fpu/fpv5-d16\libm.a(lib_a-w_log.o) (__ieee754_log)
c:/program files (x86)/atollic/truestudio for stm32 9.2.0/armtools/bin/../lib/gcc/arm-atollic-eabi/6.3.1/../../../../arm-atollic-eabi/lib/armv7e-m/fpu/fpv5-d16\libm.a(lib_a-e_sqrt.o)
                              c:/program files (x86)/atollic/truestudio for stm32 9.2.0/armtools/bin/../lib/gcc/arm-atollic-eabi/6.3.1/../../../../arm-atollic-eabi/lib/armv7e-m/fpu/fpv5-d16\libm.a(lib_a-w_sqrt.o) (__ieee754_sqrt)
c:/program files (x86)/atollic/truestudio for stm32 9.2.0/armtools/bin/../lib/gcc/arm-atollic-eabi/6.3.1/../../../../arm-atollic-eabi/lib/armv7e-m/fpu/fpv5-d16\libm.a(lib_a-s_finite.o)
                              c:/program files (x86)/atollic/truestudio for stm32 9.2.0/armtools/bin/../lib/gcc/arm-atollic-eabi/6.3.1/../../../../arm-atollic-eabi/lib/armv7e-m/fpu/fpv5-d16\libm.a(lib_a-w_exp.o) (finite)
c:/program files (x86)/atollic/truestudio for stm32 9.2.0/armtools/bin/../lib/gcc/arm-atollic-eabi/6.3.1/../../../../arm-atollic-eabi/lib/armv7e-m/fpu/fpv5-d16\libm.a(lib_a-s_lib_ver.o)
                              c:/program files (x86)/atollic/truestudio for stm32 9.2.0/armtools/bin/../lib/gcc/arm-atollic-eabi/6.3.1/../../../../arm-atollic-eabi/lib/armv7e-m/fpu/fpv5-d16\libm.a(lib_a-w_exp.o) (__fdlib_version)
c:/program files (x86)/atollic/truestudio for stm32 9.2.0/armtools/bin/../lib/gcc/arm-atollic-eabi/6.3.1/../../../../arm-atollic-eabi/lib/armv7e-m/fpu/fpv5-d16\libm.a(lib_a-s_matherr.o)
                              c:/program files (x86)/atollic/truestudio for stm32 9.2.0/armtools/bin/../lib/gcc/arm-atollic-eabi/6.3.1/../../../../arm-atollic-eabi/lib/armv7e-m/fpu/fpv5-d16\libm.a(lib_a-w_exp.o) (matherr)
c:/program files (x86)/atollic/truestudio for stm32 9.2.0/armtools/bin/../lib/gcc/arm-atollic-eabi/6.3.1/../../../../arm-atollic-eabi/lib/armv7e-m/fpu/fpv5-d16\libm.a(lib_a-s_nan.o)
                              c:/program files (x86)/atollic/truestudio for stm32 9.2.0/armtools/bin/../lib/gcc/arm-atollic-eabi/6.3.1/../../../../arm-atollic-eabi/lib/armv7e-m/fpu/fpv5-d16\libm.a(lib_a-w_log.o) (nan)
c:/program files (x86)/atollic/truestudio for stm32 9.2.0/armtools/bin/../lib/gcc/arm-atollic-eabi/6.3.1/../../../../arm-atollic-eabi/lib/armv7e-m/fpu/fpv5-d16\libc_nano.a(lib_a-errno.o)
                              c:/program files (x86)/atollic/truestudio for stm32 9.2.0/armtools/bin/../lib/gcc/arm-atollic-eabi/6.3.1/../../../../arm-atollic-eabi/lib/armv7e-m/fpu/fpv5-d16\libm.a(lib_a-w_exp.o) (__errno)
c:/program files (x86)/atollic/truestudio for stm32 9.2.0/armtools/bin/../lib/gcc/arm-atollic-eabi/6.3.1/../../../../arm-atollic-eabi/lib/armv7e-m/fpu/fpv5-d16\libc_nano.a(lib_a-impure.o)
[...]
Memory Configuration

Name             Origin             Length             Attributes
RAM              0x20000000         0x00080000         xrw
FLASH            0x08000000         0x00200000         xr
*default*        0x00000000         0xffffffff

Linker script and memory map

LOAD c:/program files (x86)/atollic/truestudio for stm32 9.2.0/armtools/bin/../lib/gcc/arm-atollic-eabi/6.3.1/armv7e-m/fpu/fpv5-d16/crti.o
LOAD c:/program files (x86)/atollic/truestudio for stm32 9.2.0/armtools/bin/../lib/gcc/arm-atollic-eabi/6.3.1/armv7e-m/fpu/fpv5-d16/crtbegin.o
LOAD Drivers\STM32F7xx_HAL_Driver\Src\stm32f7xx_hal.o
LOAD Drivers\STM32F7xx_HAL_Driver\Src\stm32f7xx_hal_cortex.o
LOAD Drivers\STM32F7xx_HAL_Driver\Src\stm32f7xx_hal_dma.o
LOAD Drivers\STM32F7xx_HAL_Driver\Src\stm32f7xx_hal_dma_ex.o
LOAD Drivers\STM32F7xx_HAL_Driver\Src\stm32f7xx_hal_flash.o
LOAD Drivers\STM32F7xx_HAL_Driver\Src\stm32f7xx_hal_flash_ex.o
LOAD Drivers\STM32F7xx_HAL_Driver\Src\stm32f7xx_hal_gpio.o
LOAD Drivers\STM32F7xx_HAL_Driver\Src\stm32f7xx_hal_i2c.o
LOAD Drivers\STM32F7xx_HAL_Driver\Src\stm32f7xx_hal_i2c_ex.o
LOAD Drivers\STM32F7xx_HAL_Driver\Src\stm32f7xx_hal_iwdg.o
LOAD Drivers\STM32F7xx_HAL_Driver\Src\stm32f7xx_hal_pwr.o
LOAD Drivers\STM32F7xx_HAL_Driver\Src\stm32f7xx_hal_pwr_ex.o
LOAD Drivers\STM32F7xx_HAL_Driver\Src\stm32f7xx_hal_rcc.o
LOAD Drivers\STM32F7xx_HAL_Driver\Src\stm32f7xx_hal_rcc_ex.o
LOAD Drivers\STM32F7xx_HAL_Driver\Src\stm32f7xx_hal_tim.o
LOAD Drivers\STM32F7xx_HAL_Driver\Src\stm32f7xx_hal_tim_ex.o
LOAD Drivers\STM32F7xx_HAL_Driver\Src\stm32f7xx_hal_uart.o
LOAD Src\DFPlayer_Mini_mp3.o
LOAD Src\actuator.o
LOAD Src\dma.o
LOAD Src\gpio.o
LOAD Src\i2c.o
LOAD Src\iwdg.o
LOAD Src\main.o
LOAD Src\microsectimer.o
LOAD Src\myatan2.o
LOAD Src\omni_wheel.o
LOAD Src\sensor.o
LOAD Src\stm32f7xx_hal_msp.o
LOAD Src\stm32f7xx_it.o
LOAD Src\system_stm32f7xx.o
LOAD Src\tim.o
LOAD Src\usart.o
LOAD Src\xprintf.o
LOAD startup\startup_stm32f767xx.o
LOAD C:\Users\ryouma\Documents\GitHub\TippyRobot\F767_main\libarm_cortexM7lfdp_math.a
                0x00000080                malloc_getpagesize_P = 0x80
START GROUP
LOAD c:/program files (x86)/atollic/truestudio for stm32 9.2.0/armtools/bin/../lib/gcc/arm-atollic-eabi/6.3.1/../../../../arm-atollic-eabi/lib/armv7e-m/fpu/fpv5-d16\libc_nano.a
LOAD c:/program files (x86)/atollic/truestudio for stm32 9.2.0/armtools/bin/../lib/gcc/arm-atollic-eabi/6.3.1/../../../../arm-atollic-eabi/lib/armv7e-m/fpu/fpv5-d16\libm.a
END GROUP
START GROUP
LOAD c:/program files (x86)/atollic/truestudio for stm32 9.2.0/armtools/bin/../lib/gcc/arm-atollic-eabi/6.3.1/armv7e-m/fpu/fpv5-d16\libgcc.a
LOAD c:/program files (x86)/atollic/truestudio for stm32 9.2.0/armtools/bin/../lib/gcc/arm-atollic-eabi/6.3.1/../../../../arm-atollic-eabi/lib/armv7e-m/fpu/fpv5-d16\libc_nano.a
END GROUP
START GROUP
LOAD c:/program files (x86)/atollic/truestudio for stm32 9.2.0/armtools/bin/../lib/gcc/arm-atollic-eabi/6.3.1/armv7e-m/fpu/fpv5-d16\libgcc.a
LOAD c:/program files (x86)/atollic/truestudio for stm32 9.2.0/armtools/bin/../lib/gcc/arm-atollic-eabi/6.3.1/../../../../arm-atollic-eabi/lib/armv7e-m/fpu/fpv5-d16\libc_nano.a
LOAD c:/program files (x86)/atollic/truestudio for stm32 9.2.0/armtools/bin/../lib/gcc/arm-atollic-eabi/6.3.1/../../../../arm-atollic-eabi/lib/armv7e-m/fpu/fpv5-d16\libnosys.a
END GROUP
START GROUP
LOAD c:/program files (x86)/atollic/truestudio for stm32 9.2.0/armtools/bin/../lib/gcc/arm-atollic-eabi/6.3.1/armv7e-m/fpu/fpv5-d16\libgcc.a
LOAD c:/program files (x86)/atollic/truestudio for stm32 9.2.0/armtools/bin/../lib/gcc/arm-atollic-eabi/6.3.1/../../../../arm-atollic-eabi/lib/armv7e-m/fpu/fpv5-d16\libc_nano.a
LOAD c:/program files (x86)/atollic/truestudio for stm32 9.2.0/armtools/bin/../lib/gcc/arm-atollic-eabi/6.3.1/../../../../arm-atollic-eabi/lib/armv7e-m/fpu/fpv5-d16\libnosys.a
END GROUP
LOAD c:/program files (x86)/atollic/truestudio for stm32 9.2.0/armtools/bin/../lib/gcc/arm-atollic-eabi/6.3.1/armv7e-m/fpu/fpv5-d16/crtend.o
LOAD c:/program files (x86)/atollic/truestudio for stm32 9.2.0/armtools/bin/../lib/gcc/arm-atollic-eabi/6.3.1/armv7e-m/fpu/fpv5-d16/crtn.o
                0x20080000                _estack = 0x20080000
                0x00000400                _Min_Heap_Size = 0x400
                0x00000800                _Min_Stack_Size = 0x800

.isr_vector     0x08000000      0x1f8
                0x08000000                . = ALIGN (0x4)
 *(.isr_vector)
 .isr_vector    0x08000000      0x1f8 startup\startup_stm32f767xx.o
                0x08000000                g_pfnVectors
                0x080001f8                . = ALIGN (0x4)

.text           0x080001f8     0x6cdc
                0x080001f8                . = ALIGN (0x4)
 *(.text)
 .text          0x080001f8       0x40 c:/program files (x86)/atollic/truestudio for stm32 9.2.0/armtools/bin/../lib/gcc/arm-atollic-eabi/6.3.1/armv7e-m/fpu/fpv5-d16/crtbegin.o
 *(.text*)
 .text.HAL_InitTick
                0x08000238       0x28 Drivers\STM32F7xx_HAL_Driver\Src\stm32f7xx_hal.o
                0x08000238                HAL_InitTick
 .text.HAL_Init
                0x08000260       0x24 Drivers\STM32F7xx_HAL_Driver\Src\stm32f7xx_hal.o
                0x08000260                HAL_Init
 .text.HAL_IncTick
                0x08000284       0x10 Drivers\STM32F7xx_HAL_Driver\Src\stm32f7xx_hal.o
                0x08000284                HAL_IncTick
 .text.HAL_GetTick
                0x08000294        0xc Drivers\STM32F7xx_HAL_Driver\Src\stm32f7xx_hal.o
                0x08000294                HAL_GetTick
 .text.HAL_Delay
                0x080002a0       0x1a Drivers\STM32F7xx_HAL_Driver\Src\stm32f7xx_hal.o
                0x080002a0                HAL_Delay
 *fill*         0x080002ba        0x2 
 .text.HAL_NVIC_SetPriorityGrouping
                0x080002bc       0x24 Drivers\STM32F7xx_HAL_Driver\Src\stm32f7xx_hal_cortex.o
                0x080002bc                HAL_NVIC_SetPriorityGrouping
 .text.HAL_NVIC_SetPriority
                0x080002e0       0x70 Drivers\STM32F7xx_HAL_Driver\Src\stm32f7xx_hal_cortex.o
                0x080002e0                HAL_NVIC_SetPriority
 .text.HAL_NVIC_EnableIRQ
                0x08000350       0x18 Drivers\STM32F7xx_HAL_Driver\Src\stm32f7xx_hal_cortex.o
                0x08000350                HAL_NVIC_EnableIRQ
 .text.HAL_SYSTICK_Config
                0x08000368       0x2c Drivers\STM32F7xx_HAL_Driver\Src\stm32f7xx_hal_cortex.o
                0x08000368                HAL_SYSTICK_Config
 .text.HAL_SYSTICK_CLKSourceConfig
                0x08000394       0x18 Drivers\STM32F7xx_HAL_Driver\Src\stm32f7xx_hal_cortex.o
                0x08000394                HAL_SYSTICK_CLKSourceConfig
 .text.HAL_SYSTICK_Callback
                0x080003ac        0x2 Drivers\STM32F7xx_HAL_Driver\Src\stm32f7xx_hal_cortex.o
                0x080003ac                HAL_SYSTICK_Callback
 .text.HAL_SYSTICK_IRQHandler
                0x080003ae        0x8 Drivers\STM32F7xx_HAL_Driver\Src\stm32f7xx_hal_cortex.o
                0x080003ae                HAL_SYSTICK_IRQHandler
 *fill*         0x080003b6        0x2 
 .text.DMA_CalcBaseAndBitshift
                0x080003b8       0x2c Drivers\STM32F7xx_HAL_Driver\Src\stm32f7xx_hal_dma.o
 .text.HAL_DMA_Init
                0x080003e4       0xfc Drivers\STM32F7xx_HAL_Driver\Src\stm32f7xx_hal_dma.o
                0x080003e4                HAL_DMA_Init
 .text.HAL_DMA_Start_IT
                0x080004e0       0x7a Drivers\STM32F7xx_HAL_Driver\Src\stm32f7xx_hal_dma.o
                0x080004e0                HAL_DMA_Start_IT
 *fill*         0x0800055a        0x2 
 .text.HAL_DMA_IRQHandler
                0x0800055c      0x17c Drivers\STM32F7xx_HAL_Driver\Src\stm32f7xx_hal_dma.o
                0x0800055c                HAL_DMA_IRQHandler
 .text.HAL_GPIO_Init
                0x080006d8      0x1d4 Drivers\STM32F7xx_HAL_Driver\Src\stm32f7xx_hal_gpio.o
                0x080006d8                HAL_GPIO_Init
 .text.HAL_GPIO_ReadPin
                0x080008ac        0xc Drivers\STM32F7xx_HAL_Driver\Src\stm32f7xx_hal_gpio.o
                0x080008ac                HAL_GPIO_ReadPin
 .text.HAL_GPIO_WritePin
                0x080008b8        0xa Drivers\STM32F7xx_HAL_Driver\Src\stm32f7xx_hal_gpio.o
                0x080008b8                HAL_GPIO_WritePin
 .text.HAL_GPIO_TogglePin
                0x080008c2        0x8 Drivers\STM32F7xx_HAL_Driver\Src\stm32f7xx_hal_gpio.o
                0x080008c2                HAL_GPIO_TogglePin
 .text.I2C_Flush_TXDR
                0x080008ca       0x1c Drivers\STM32F7xx_HAL_Driver\Src\stm32f7xx_hal_i2c.o
 .text.I2C_TransferConfig
                0x080008e6       0x2a Drivers\STM32F7xx_HAL_Driver\Src\stm32f7xx_hal_i2c.o
 .text.I2C_WaitOnFlagUntilTimeout
                0x08000910       0x4e Drivers\STM32F7xx_HAL_Driver\Src\stm32f7xx_hal_i2c.o
 .text.I2C_IsAcknowledgeFailed
                0x0800095e       0x7a Drivers\STM32F7xx_HAL_Driver\Src\stm32f7xx_hal_i2c.o
 .text.I2C_WaitOnTXISFlagUntilTimeout
                0x080009d8       0x52 Drivers\STM32F7xx_HAL_Driver\Src\stm32f7xx_hal_i2c.o
 .text.I2C_RequestMemoryRead
                0x08000a2a       0x66 Drivers\STM32F7xx_HAL_Driver\Src\stm32f7xx_hal_i2c.o
 .text.I2C_WaitOnSTOPFlagUntilTimeout
                0x08000a90       0x4e Drivers\STM32F7xx_HAL_Driver\Src\stm32f7xx_hal_i2c.o
 .text.HAL_I2C_Init
                0x08000ade       0xa2 Drivers\STM32F7xx_HAL_Driver\Src\stm32f7xx_hal_i2c.o
                0x08000ade                HAL_I2C_Init
 .text.HAL_I2C_Master_Transmit
                0x08000b80      0x132 Drivers\STM32F7xx_HAL_Driver\Src\stm32f7xx_hal_i2c.o
                0x08000b80                HAL_I2C_Master_Transmit
 .text.HAL_I2C_Mem_Read
                0x08000cb2      0x17c Drivers\STM32F7xx_HAL_Driver\Src\stm32f7xx_hal_i2c.o
                0x08000cb2                HAL_I2C_Mem_Read
 .text.HAL_I2CEx_ConfigAnalogFilter
                0x08000e2e       0x4c Drivers\STM32F7xx_HAL_Driver\Src\stm32f7xx_hal_i2c_ex.o
                0x08000e2e                HAL_I2CEx_ConfigAnalogFilter
 .text.HAL_I2CEx_ConfigDigitalFilter
                0x08000e7a       0x4a Drivers\STM32F7xx_HAL_Driver\Src\stm32f7xx_hal_i2c_ex.o
                0x08000e7a                HAL_I2CEx_ConfigDigitalFilter
 .text.HAL_IWDG_Init
                0x08000ec4       0x4e Drivers\STM32F7xx_HAL_Driver\Src\stm32f7xx_hal_iwdg.o
                0x08000ec4                HAL_IWDG_Init
 .text.HAL_IWDG_Refresh
                0x08000f12        0xc Drivers\STM32F7xx_HAL_Driver\Src\stm32f7xx_hal_iwdg.o
                0x08000f12                HAL_IWDG_Refresh
 *fill*         0x08000f1e        0x2 
 .text.HAL_PWREx_EnableOverDrive
                0x08000f20       0x70 Drivers\STM32F7xx_HAL_Driver\Src\stm32f7xx_hal_pwr_ex.o
                0x08000f20                HAL_PWREx_EnableOverDrive
 .text.HAL_RCC_OscConfig
                0x08000f90      0x328 Drivers\STM32F7xx_HAL_Driver\Src\stm32f7xx_hal_rcc.o
                0x08000f90                HAL_RCC_OscConfig
 .text.HAL_RCC_GetSysClockFreq
                0x080012b8       0x54 Drivers\STM32F7xx_HAL_Driver\Src\stm32f7xx_hal_rcc.o
                0x080012b8                HAL_RCC_GetSysClockFreq
 .text.HAL_RCC_ClockConfig
                0x0800130c      0x120 Drivers\STM32F7xx_HAL_Driver\Src\stm32f7xx_hal_rcc.o
                0x0800130c                HAL_RCC_ClockConfig
 .text.HAL_RCC_GetHCLKFreq
                0x0800142c        0xc Drivers\STM32F7xx_HAL_Driver\Src\stm32f7xx_hal_rcc.o
                0x0800142c                HAL_RCC_GetHCLKFreq
 .text.HAL_RCC_GetPCLK1Freq
                0x08001438       0x20 Drivers\STM32F7xx_HAL_Driver\Src\stm32f7xx_hal_rcc.o
                0x08001438                HAL_RCC_GetPCLK1Freq
 .text.HAL_RCC_GetPCLK2Freq
                0x08001458       0x20 Drivers\STM32F7xx_HAL_Driver\Src\stm32f7xx_hal_rcc.o
                0x08001458                HAL_RCC_GetPCLK2Freq
 .text.HAL_RCCEx_PeriphCLKConfig
                0x08001478      0x55c Drivers\STM32F7xx_HAL_Driver\Src\stm32f7xx_hal_rcc_ex.o
                0x08001478                HAL_RCCEx_PeriphCLKConfig
 .text.HAL_TIM_Base_Start_IT
                0x080019d4       0x16 Drivers\STM32F7xx_HAL_Driver\Src\stm32f7xx_hal_tim.o
                0x080019d4                HAL_TIM_Base_Start_IT
 .text.HAL_TIM_Base_Stop_IT
                0x080019ea       0x2a Drivers\STM32F7xx_HAL_Driver\Src\stm32f7xx_hal_tim.o
                0x080019ea                HAL_TIM_Base_Stop_IT
 .text.HAL_TIM_OC_MspInit
                0x08001a14        0x2 Drivers\STM32F7xx_HAL_Driver\Src\stm32f7xx_hal_tim.o
                0x08001a14                HAL_TIM_OC_MspInit
 .text.HAL_TIM_Encoder_Start
                0x08001a16       0x44 Drivers\STM32F7xx_HAL_Driver\Src\stm32f7xx_hal_tim.o
                0x08001a16                HAL_TIM_Encoder_Start
 .text.HAL_TIM_OC_DelayElapsedCallback
                0x08001a5a        0x2 Drivers\STM32F7xx_HAL_Driver\Src\stm32f7xx_hal_tim.o
                0x08001a5a                HAL_TIM_OC_DelayElapsedCallback
 .text.HAL_TIM_IC_CaptureCallback
                0x08001a5c        0x2 Drivers\STM32F7xx_HAL_Driver\Src\stm32f7xx_hal_tim.o
                0x08001a5c                HAL_TIM_IC_CaptureCallback
 .text.HAL_TIM_PWM_PulseFinishedCallback
                0x08001a5e        0x2 Drivers\STM32F7xx_HAL_Driver\Src\stm32f7xx_hal_tim.o
                0x08001a5e                HAL_TIM_PWM_PulseFinishedCallback
 .text.HAL_TIM_TriggerCallback
                0x08001a60        0x2 Drivers\STM32F7xx_HAL_Driver\Src\stm32f7xx_hal_tim.o
                0x08001a60                HAL_TIM_TriggerCallback
 .text.HAL_TIM_IRQHandler
                0x08001a62      0x160 Drivers\STM32F7xx_HAL_Driver\Src\stm32f7xx_hal_tim.o
                0x08001a62                HAL_TIM_IRQHandler
 *fill*         0x08001bc2        0x2 
 .text.TIM_Base_SetConfig
                0x08001bc4       0xd0 Drivers\STM32F7xx_HAL_Driver\Src\stm32f7xx_hal_tim.o
                0x08001bc4                TIM_Base_SetConfig
 .text.HAL_TIM_Base_Init
                0x08001c94       0x34 Drivers\STM32F7xx_HAL_Driver\Src\stm32f7xx_hal_tim.o
                0x08001c94                HAL_TIM_Base_Init
 .text.HAL_TIM_OC_Init
                0x08001cc8       0x34 Drivers\STM32F7xx_HAL_Driver\Src\stm32f7xx_hal_tim.o
                0x08001cc8                HAL_TIM_OC_Init
 .text.HAL_TIM_PWM_Init
                0x08001cfc       0x34 Drivers\STM32F7xx_HAL_Driver\Src\stm32f7xx_hal_tim.o
                0x08001cfc                HAL_TIM_PWM_Init
 .text.HAL_TIM_Encoder_Init
                0x08001d30       0x96 Drivers\STM32F7xx_HAL_Driver\Src\stm32f7xx_hal_tim.o
                0x08001d30                HAL_TIM_Encoder_Init
 *fill*         0x08001dc6        0x2 
 .text.TIM_OC1_SetConfig
                0x08001dc8       0x5c Drivers\STM32F7xx_HAL_Driver\Src\stm32f7xx_hal_tim.o
                0x08001dc8                TIM_OC1_SetConfig
 .text.TIM_OC2_SetConfig
                0x08001e24       0x64 Drivers\STM32F7xx_HAL_Driver\Src\stm32f7xx_hal_tim.o
                0x08001e24                TIM_OC2_SetConfig
 .text.TIM_OC3_SetConfig
                0x08001e88       0x64 Drivers\STM32F7xx_HAL_Driver\Src\stm32f7xx_hal_tim.o
                0x08001e88                TIM_OC3_SetConfig
 .text.TIM_OC4_SetConfig
                0x08001eec       0x54 Drivers\STM32F7xx_HAL_Driver\Src\stm32f7xx_hal_tim.o
                0x08001eec                TIM_OC4_SetConfig
 .text.TIM_CCxChannelCmd
                0x08001f40       0x18 Drivers\STM32F7xx_HAL_Driver\Src\stm32f7xx_hal_tim.o
                0x08001f40                TIM_CCxChannelCmd
 .text.HAL_TIM_PWM_Start
                0x08001f58       0x34 Drivers\STM32F7xx_HAL_Driver\Src\stm32f7xx_hal_tim.o
                0x08001f58                HAL_TIM_PWM_Start
 .text.TIM_OC5_SetConfig
                0x08001f8c       0x50 Drivers\STM32F7xx_HAL_Driver\Src\stm32f7xx_hal_tim_ex.o
 .text.TIM_OC6_SetConfig
                0x08001fdc       0x50 Drivers\STM32F7xx_HAL_Driver\Src\stm32f7xx_hal_tim_ex.o
 .text.HAL_TIMEx_MasterConfigSynchronization
                0x0800202c       0x4c Drivers\STM32F7xx_HAL_Driver\Src\stm32f7xx_hal_tim_ex.o
                0x0800202c                HAL_TIMEx_MasterConfigSynchronization
 .text.HAL_TIMEx_ConfigBreakDeadTime
                0x08002078       0x88 Drivers\STM32F7xx_HAL_Driver\Src\stm32f7xx_hal_tim_ex.o
                0x08002078                HAL_TIMEx_ConfigBreakDeadTime
 .text.HAL_TIMEx_CommutationCallback
                0x08002100        0x2 Drivers\STM32F7xx_HAL_Driver\Src\stm32f7xx_hal_tim_ex.o
                0x08002100                HAL_TIMEx_CommutationCallback
 .text.HAL_TIMEx_BreakCallback
                0x08002102        0x2 Drivers\STM32F7xx_HAL_Driver\Src\stm32f7xx_hal_tim_ex.o
                0x08002102                HAL_TIMEx_BreakCallback
 .text.HAL_TIM_OC_ConfigChannel
                0x08002104       0x70 Drivers\STM32F7xx_HAL_Driver\Src\stm32f7xx_hal_tim_ex.o
                0x08002104                HAL_TIM_OC_ConfigChannel
 .text.HAL_TIM_PWM_ConfigChannel
                0x08002174      0x10c Drivers\STM32F7xx_HAL_Driver\Src\stm32f7xx_hal_tim_ex.o
                0x08002174                HAL_TIM_PWM_ConfigChannel
 .text.UART_EndRxTransfer
                0x08002280       0x1a Drivers\STM32F7xx_HAL_Driver\Src\stm32f7xx_hal_uart.o
 *fill*         0x0800229a        0x2 
 .text.HAL_UART_Receive_DMA
                0x0800229c       0x88 Drivers\STM32F7xx_HAL_Driver\Src\stm32f7xx_hal_uart.o
                0x0800229c                HAL_UART_Receive_DMA
 .text.UART_WaitOnFlagUntilTimeout
                0x08002324       0x62 Drivers\STM32F7xx_HAL_Driver\Src\stm32f7xx_hal_uart.o
                0x08002324                UART_WaitOnFlagUntilTimeout
 .text.HAL_UART_Transmit
                0x08002386       0xb2 Drivers\STM32F7xx_HAL_Driver\Src\stm32f7xx_hal_uart.o
                0x08002386                HAL_UART_Transmit
 .text.UART_DMAReceiveCplt
                0x08002438       0x3a Drivers\STM32F7xx_HAL_Driver\Src\stm32f7xx_hal_uart.o
 .text.HAL_UART_RxHalfCpltCallback
                0x08002472        0x2 Drivers\STM32F7xx_HAL_Driver\Src\stm32f7xx_hal_uart.o
                0x08002472                HAL_UART_RxHalfCpltCallback
 .text.UART_DMARxHalfCplt
                0x08002474        0xa Drivers\STM32F7xx_HAL_Driver\Src\stm32f7xx_hal_uart.o
 .text.HAL_UART_ErrorCallback
                0x0800247e        0x2 Drivers\STM32F7xx_HAL_Driver\Src\stm32f7xx_hal_uart.o
                0x0800247e                HAL_UART_ErrorCallback
 .text.UART_DMAError
                0x08002480       0x52 Drivers\STM32F7xx_HAL_Driver\Src\stm32f7xx_hal_uart.o
 *fill*         0x080024d2        0x2 
 .text.UART_SetConfig
                0x080024d4      0x290 Drivers\STM32F7xx_HAL_Driver\Src\stm32f7xx_hal_uart.o
                0x080024d4                UART_SetConfig
 .text.UART_AdvFeatureConfig
                0x08002764       0xaa Drivers\STM32F7xx_HAL_Driver\Src\stm32f7xx_hal_uart.o
                0x08002764                UART_AdvFeatureConfig
 .text.UART_CheckIdleState
                0x0800280e       0x44 Drivers\STM32F7xx_HAL_Driver\Src\stm32f7xx_hal_uart.o
                0x0800280e                UART_CheckIdleState
 .text.HAL_UART_Init
                0x08002852       0x64 Drivers\STM32F7xx_HAL_Driver\Src\stm32f7xx_hal_uart.o
                0x08002852                HAL_UART_Init
 *fill*         0x080028b6        0x2 
 .text.DFPlayer_init
                0x080028b8        0xc Src\DFPlayer_Mini_mp3.o
                0x080028b8                DFPlayer_init
 .text.DFPlayer_setvolume
                0x080028c4       0x44 Src\DFPlayer_Mini_mp3.o
                0x080028c4                DFPlayer_setvolume
 .text.DFPlayer_playmp3
                0x08002908       0x48 Src\DFPlayer_Mini_mp3.o
                0x08002908                DFPlayer_playmp3
 .text.DFPlayer_stopmp3
                0x08002950       0x48 Src\DFPlayer_Mini_mp3.o
                0x08002950                DFPlayer_stopmp3
 .text.light    0x08002998       0x54 Src\actuator.o
                0x08002998                light
 .text.motor1   0x080029ec       0xbc Src\actuator.o
                0x080029ec                motor1
 .text.motor2   0x08002aa8       0xac Src\actuator.o
                0x08002aa8                motor2
 .text.motor3   0x08002b54       0xac Src\actuator.o
                0x08002b54                motor3
 .text.motor4   0x08002c00       0xb4 Src\actuator.o
                0x08002c00                motor4
 .text.beep     0x08002cb4       0x44 Src\actuator.o
                0x08002cb4                beep
 .text.MX_DMA_Init
                0x08002cf8       0x50 Src\dma.o
                0x08002cf8                MX_DMA_Init
 .text.MX_GPIO_Init
                0x08002d48      0x1b4 Src\gpio.o
                0x08002d48                MX_GPIO_Init
 .text.MX_I2C1_Init
                0x08002efc       0x6c Src\i2c.o
                0x08002efc                MX_I2C1_Init
 .text.MX_I2C2_Init
                0x08002f68       0x6c Src\i2c.o
                0x08002f68                MX_I2C2_Init
 .text.MX_I2C3_Init
                0x08002fd4       0x6c Src\i2c.o
                0x08002fd4                MX_I2C3_Init
 .text.HAL_I2C_MspInit
                0x08003040       0xe8 Src\i2c.o
                0x08003040                HAL_I2C_MspInit
 .text.MX_IWDG_Init
                0x08003128       0x34 Src\iwdg.o
                0x08003128                MX_IWDG_Init
 .text.HAL_TIM_PeriodElapsedCallback
                0x0800315c      0x240 Src\main.o
                0x0800315c                HAL_TIM_PeriodElapsedCallback
 .text.HAL_UART_RxCpltCallback
                0x0800339c       0x34 Src\main.o
                0x0800339c                HAL_UART_RxCpltCallback
 .text.SystemClock_Config
                0x080033d0       0xd8 Src\main.o
                0x080033d0                SystemClock_Config
 .text.kick     0x080034a8       0x60 Src\main.o
                0x080034a8                kick
 .text.GOLE     0x08003508       0xb0 Src\main.o
                0x08003508                GOLE
 .text.ball_near
                0x080035b8      0x1a8 Src\main.o
                0x080035b8                ball_near
 .text.ball_middle
                0x08003760      0x1a8 Src\main.o
                0x08003760                ball_middle
 .text.ball_far
                0x08003908      0x1a0 Src\main.o
                0x08003908                ball_far
 .text.returnHorme
                0x08003aa8       0x78 Src\main.o
                0x08003aa8                returnHorme
 .text.IR_ball_normal_field
                0x08003b20       0x60 Src\main.o
                0x08003b20                IR_ball_normal_field
 .text.dataprintf
                0x08003b80      0x194 Src\main.o
                0x08003b80                dataprintf
 .text.orange_ball_normal_field
                0x08003d14       0x7c Src\main.o
                0x08003d14                orange_ball_normal_field
 .text.startup.main
                0x08003d90      0x6a0 Src\main.o
                0x08003d90                main
 .text._Error_Handler
                0x08004430        0x2 Src\main.o
                0x08004430                _Error_Handler
 *fill*         0x08004432        0x2 
 .text.getUs    0x08004434       0x3c Src\microsectimer.o
                0x08004434                getUs
 .text.delayUs  0x08004470       0x1a Src\microsectimer.o
                0x08004470                delayUs
 *fill*         0x0800448a        0x2 
 .text.myAtan   0x0800448c       0xb4 Src\myatan2.o
                0x0800448c                myAtan
 .text.myAtan2  0x08004540       0xb8 Src\myatan2.o
                0x08004540                myAtan2
 .text.motor_move
                0x080045f8      0xbf8 Src\omni_wheel.o
                0x080045f8                motor_move
 .text.HOUI_Correction
                0x080051f0      0x14c Src\omni_wheel.o
                0x080051f0                HOUI_Correction
 .text.HMC6352_init
                0x0800533c       0x38 Src\sensor.o
                0x0800533c                HMC6352_init
 .text.JY901_init
                0x08005374        0xc Src\sensor.o
                0x08005374                JY901_init
 .text.HOUI_calibration
                0x08005380       0xf8 Src\sensor.o
                0x08005380                HOUI_calibration
 .text.JY901_def_set
                0x08005478       0x3c Src\sensor.o
                0x08005478                JY901_def_set
 .text.JY901_yaw_get
                0x080054b4       0x44 Src\sensor.o
                0x080054b4                JY901_yaw_get
 .text.openMV_data_get
                0x080054f8      0x218 Src\sensor.o
                0x080054f8                openMV_data_get
 .text.getplace
                0x08005710       0xac Src\sensor.o
                0x08005710                getplace
 .text.Ultrasonic_get
                0x080057bc       0x70 Src\sensor.o
                0x080057bc                Ultrasonic_get
 .text.IR_get   0x0800582c       0x58 Src\sensor.o
                0x0800582c                IR_get
 .text.Line_Reset
                0x08005884      0x150 Src\sensor.o
                0x08005884                Line_Reset
 .text.make_end_flug
                0x080059d4       0x5c Src\sensor.o
                0x080059d4                make_end_flug
 .text.HAL_MspInit
                0x08005a30       0x60 Src\stm32f7xx_hal_msp.o
                0x08005a30                HAL_MspInit
 .text.NMI_Handler
                0x08005a90        0x2 Src\stm32f7xx_it.o
                0x08005a90                NMI_Handler
 .text.HardFault_Handler
                0x08005a92        0x2 Src\stm32f7xx_it.o
                0x08005a92                HardFault_Handler
 .text.MemManage_Handler
                0x08005a94        0x2 Src\stm32f7xx_it.o
                0x08005a94                MemManage_Handler
 .text.BusFault_Handler
                0x08005a96        0x2 Src\stm32f7xx_it.o
                0x08005a96                BusFault_Handler
 .text.UsageFault_Handler
                0x08005a98        0x2 Src\stm32f7xx_it.o
                0x08005a98                UsageFault_Handler
 .text.SVC_Handler
                0x08005a9a        0x2 Src\stm32f7xx_it.o
                0x08005a9a                SVC_Handler
 .text.DebugMon_Handler
                0x08005a9c        0x2 Src\stm32f7xx_it.o
                0x08005a9c                DebugMon_Handler
 .text.PendSV_Handler
                0x08005a9e        0x2 Src\stm32f7xx_it.o
                0x08005a9e                PendSV_Handler
 .text.SysTick_Handler
                0x08005aa0        0xe Src\stm32f7xx_it.o
                0x08005aa0                SysTick_Handler
 *fill*         0x08005aae        0x2 
 .text.DMA1_Stream1_IRQHandler
                0x08005ab0        0xc Src\stm32f7xx_it.o
                0x08005ab0                DMA1_Stream1_IRQHandler
 .text.DMA1_Stream2_IRQHandler
                0x08005abc        0xc Src\stm32f7xx_it.o
                0x08005abc                DMA1_Stream2_IRQHandler
 .text.DMA1_Stream5_IRQHandler
                0x08005ac8        0xc Src\stm32f7xx_it.o
                0x08005ac8                DMA1_Stream5_IRQHandler
 .text.TIM6_DAC_IRQHandler
                0x08005ad4        0xc Src\stm32f7xx_it.o
                0x08005ad4                TIM6_DAC_IRQHandler
 .text.SystemInit
                0x08005ae0       0x4c Src\system_stm32f7xx.o
                0x08005ae0                SystemInit
 .text.MX_TIM2_Init
                0x08005b2c       0x6c Src\tim.o
                0x08005b2c                MX_TIM2_Init
 .text.MX_TIM3_Init
                0x08005b98       0x70 Src\tim.o
                0x08005b98                MX_TIM3_Init
 .text.MX_TIM6_Init
                0x08005c08       0x54 Src\tim.o
                0x08005c08                MX_TIM6_Init
 .text.HAL_TIM_PWM_MspInit
                0x08005c5c       0x4c Src\tim.o
                0x08005c5c                HAL_TIM_PWM_MspInit
 .text.HAL_TIM_Encoder_MspInit
                0x08005ca8       0x78 Src\tim.o
                0x08005ca8                HAL_TIM_Encoder_MspInit
 .text.HAL_TIM_Base_MspInit
                0x08005d20       0x3c Src\tim.o
                0x08005d20                HAL_TIM_Base_MspInit
 .text.HAL_TIM_MspPostInit
                0x08005d5c       0x5c Src\tim.o
                0x08005d5c                HAL_TIM_MspPostInit
 .text.MX_TIM1_Init
                0x08005db8      0x110 Src\tim.o
                0x08005db8                MX_TIM1_Init
 .text.MX_TIM4_Init
                0x08005ec8       0xa4 Src\tim.o
                0x08005ec8                MX_TIM4_Init
 .text.MX_UART4_Init
                0x08005f6c       0x44 Src\usart.o
                0x08005f6c                MX_UART4_Init
 .text.MX_UART8_Init
                0x08005fb0       0x44 Src\usart.o
                0x08005fb0                MX_UART8_Init
 .text.MX_USART1_UART_Init
                0x08005ff4       0x44 Src\usart.o
                0x08005ff4                MX_USART1_UART_Init
 .text.MX_USART2_UART_Init
                0x08006038       0x44 Src\usart.o
                0x08006038                MX_USART2_UART_Init
 .text.MX_USART3_UART_Init
                0x0800607c       0x44 Src\usart.o
                0x0800607c                MX_USART3_UART_Init
 .text.MX_USART6_UART_Init
                0x080060c0       0x44 Src\usart.o
                0x080060c0                MX_USART6_UART_Init
 .text.HAL_UART_MspInit
                0x08006104      0x244 Src\usart.o
                0x08006104                HAL_UART_MspInit
 .text.init_xpritf
                0x08006348        0xc Src\xprintf.o
                0x08006348                init_xpritf
 .text.uart_putc
                0x08006354       0x20 Src\xprintf.o
                0x08006354                uart_putc
 .text.xputc    0x08006374       0x34 Src\xprintf.o
                0x08006374                xputc
 .text.xputs    0x080063a8       0x12 Src\xprintf.o
                0x080063a8                xputs
 .text.xvprintf
                0x080063ba      0x1ae Src\xprintf.o
 .text.xprintf  0x08006568       0x1a Src\xprintf.o
                0x08006568                xprintf
 *fill*         0x08006582        0x2 
 .text.Reset_Handler
                0x08006584       0x50 startup\startup_stm32f767xx.o
                0x08006584                Reset_Handler
 .text.Default_Handler
                0x080065d4        0x2 startup\startup_stm32f767xx.o
                0x080065d4                RTC_Alarm_IRQHandler
                0x080065d4                EXTI2_IRQHandler
                0x080065d4                TIM8_CC_IRQHandler
                0x080065d4                UART8_IRQHandler
                0x080065d4                SPI4_IRQHandler
                0x080065d4                TIM1_CC_IRQHandler
                0x080065d4                DMA2_Stream5_IRQHandler
                0x080065d4                JPEG_IRQHandler
                0x080065d4                CAN3_RX1_IRQHandler
                0x080065d4                PVD_IRQHandler
                0x080065d4                TAMP_STAMP_IRQHandler
                0x080065d4                CAN2_RX1_IRQHandler
                0x080065d4                EXTI3_IRQHandler
                0x080065d4                TIM8_TRG_COM_TIM14_IRQHandler
                0x080065d4                DFSDM1_FLT1_IRQHandler
                0x080065d4                TIM1_UP_TIM10_IRQHandler
                0x080065d4                TIM8_UP_TIM13_IRQHandler
                0x080065d4                I2C3_ER_IRQHandler
                0x080065d4                DFSDM1_FLT2_IRQHandler
                0x080065d4                EXTI0_IRQHandler
                0x080065d4                I2C2_EV_IRQHandler
                0x080065d4                CAN1_RX0_IRQHandler
                0x080065d4                FPU_IRQHandler
                0x080065d4                OTG_HS_WKUP_IRQHandler
                0x080065d4                CAN3_SCE_IRQHandler
                0x080065d4                LTDC_ER_IRQHandler
                0x080065d4                CAN2_SCE_IRQHandler
                0x080065d4                DMA2_Stream2_IRQHandler
                0x080065d4                SPI1_IRQHandler
                0x080065d4                TIM1_BRK_TIM9_IRQHandler
                0x080065d4                DCMI_IRQHandler
                0x080065d4                CAN2_RX0_IRQHandler
                0x080065d4                DMA2_Stream3_IRQHandler
                0x080065d4                SAI2_IRQHandler
                0x080065d4                DFSDM1_FLT3_IRQHandler
                0x080065d4                USART6_IRQHandler
                0x080065d4                CAN3_RX0_IRQHandler
                0x080065d4                USART3_IRQHandler
                0x080065d4                CAN1_RX1_IRQHandler
                0x080065d4                UART5_IRQHandler
                0x080065d4                DMA2_Stream0_IRQHandler
                0x080065d4                TIM4_IRQHandler
                0x080065d4                QUADSPI_IRQHandler
                0x080065d4                I2C1_EV_IRQHandler
                0x080065d4                DMA1_Stream6_IRQHandler
                0x080065d4                UART4_IRQHandler
                0x080065d4                TIM3_IRQHandler
                0x080065d4                RCC_IRQHandler
                0x080065d4                TIM8_BRK_TIM12_IRQHandler
                0x080065d4                Default_Handler
                0x080065d4                CEC_IRQHandler
                0x080065d4                EXTI15_10_IRQHandler
                0x080065d4                ADC_IRQHandler
                0x080065d4                DMA1_Stream7_IRQHandler
                0x080065d4                SPI5_IRQHandler
                0x080065d4                TIM7_IRQHandler
                0x080065d4                SDMMC1_IRQHandler
                0x080065d4                CAN2_TX_IRQHandler
                0x080065d4                TIM5_IRQHandler
                0x080065d4                DMA2_Stream7_IRQHandler
                0x080065d4                I2C3_EV_IRQHandler
                0x080065d4                EXTI9_5_IRQHandler
                0x080065d4                RTC_WKUP_IRQHandler
                0x080065d4                LTDC_IRQHandler
                0x080065d4                ETH_WKUP_IRQHandler
                0x080065d4                SPDIF_RX_IRQHandler
                0x080065d4                SPI2_IRQHandler
                0x080065d4                OTG_HS_EP1_IN_IRQHandler
                0x080065d4                DMA1_Stream0_IRQHandler
                0x080065d4                CAN1_TX_IRQHandler
                0x080065d4                EXTI4_IRQHandler
                0x080065d4                RNG_IRQHandler
                0x080065d4                ETH_IRQHandler
                0x080065d4                OTG_HS_EP1_OUT_IRQHandler
                0x080065d4                WWDG_IRQHandler
                0x080065d4                SPI6_IRQHandler
                0x080065d4                MDIOS_IRQHandler
                0x080065d4                I2C4_EV_IRQHandler
                0x080065d4                CAN3_TX_IRQHandler
                0x080065d4                TIM2_IRQHandler
                0x080065d4                OTG_FS_WKUP_IRQHandler
                0x080065d4                TIM1_TRG_COM_TIM11_IRQHandler
                0x080065d4                OTG_HS_IRQHandler
                0x080065d4                DMA2D_IRQHandler
                0x080065d4                EXTI1_IRQHandler
                0x080065d4                SDMMC2_IRQHandler
                0x080065d4                UART7_IRQHandler
                0x080065d4                USART2_IRQHandler
                0x080065d4                DFSDM1_FLT0_IRQHandler
                0x080065d4                I2C2_ER_IRQHandler
                0x080065d4                DMA2_Stream1_IRQHandler
                0x080065d4                CAN1_SCE_IRQHandler
                0x080065d4                FLASH_IRQHandler
                0x080065d4                DMA2_Stream4_IRQHandler
                0x080065d4                USART1_IRQHandler
                0x080065d4                OTG_FS_IRQHandler
                0x080065d4                SPI3_IRQHandler
                0x080065d4                DMA1_Stream4_IRQHandler
                0x080065d4                I2C1_ER_IRQHandler
                0x080065d4                FMC_IRQHandler
                0x080065d4                LPTIM1_IRQHandler
                0x080065d4                I2C4_ER_IRQHandler
                0x080065d4                DMA2_Stream6_IRQHandler
                0x080065d4                SAI1_IRQHandler
                0x080065d4                DMA1_Stream3_IRQHandler
 *fill*         0x080065d6        0x2 
 .text.arm_sin_f32
                0x080065d8       0x88 C:\Users\ryouma\Documents\GitHub\TippyRobot\F767_main\libarm_cortexM7lfdp_math.a(arm_sin_f32.o)
                0x080065d8                arm_sin_f32
 .text.__libc_init_array
                0x08006660       0x48 c:/program files (x86)/atollic/truestudio for stm32 9.2.0/armtools/bin/../lib/gcc/arm-atollic-eabi/6.3.1/../../../../arm-atollic-eabi/lib/armv7e-m/fpu/fpv5-d16\libc_nano.a(lib_a-init.o)
                0x08006660                __libc_init_array
 .text.exp      0x080066a8       0xe8 c:/program files (x86)/atollic/truestudio for stm32 9.2.0/armtools/bin/../lib/gcc/arm-atollic-eabi/6.3.1/../../../../arm-atollic-eabi/lib/armv7e-m/fpu/fpv5-d16\libm.a(lib_a-w_exp.o)
                0x080066a8                exp
 .text.log      0x08006790       0xdc c:/program files (x86)/atollic/truestudio for stm32 9.2.0/armtools/bin/../lib/gcc/arm-atollic-eabi/6.3.1/../../../../arm-atollic-eabi/lib/armv7e-m/fpu/fpv5-d16\libm.a(lib_a-w_log.o)
                0x08006790                log
 *fill*         0x0800686c        0x4 
 .text.sqrt     0x08006870       0x98 c:/program files (x86)/atollic/truestudio for stm32 9.2.0/armtools/bin/../lib/gcc/arm-atollic-eabi/6.3.1/../../../../arm-atollic-eabi/lib/armv7e-m/fpu/fpv5-d16\libm.a(lib_a-w_sqrt.o)
                0x08006870                sqrt
 .text.__ieee754_exp
                0x08006908      0x208 c:/program files (x86)/atollic/truestudio for stm32 9.2.0/armtools/bin/../lib/gcc/arm-atollic-eabi/6.3.1/../../../../arm-atollic-eabi/lib/armv7e-m/fpu/fpv5-d16\libm.a(lib_a-e_exp.o)
                0x08006908                __ieee754_exp
 .text.__ieee754_log
                0x08006b10      0x23c c:/program files (x86)/atollic/truestudio for stm32 9.2.0/armtools/bin/../lib/gcc/arm-atollic-eabi/6.3.1/../../../../arm-atollic-eabi/lib/armv7e-m/fpu/fpv5-d16\libm.a(lib_a-e_log.o)
                0x08006b10                __ieee754_log
 .text.__ieee754_sqrt
                0x08006d4c      0x13c c:/program files (x86)/atollic/truestudio for stm32 9.2.0/armtools/bin/../lib/gcc/arm-atollic-eabi/6.3.1/../../../../arm-atollic-eabi/lib/armv7e-m/fpu/fpv5-d16\libm.a(lib_a-e_sqrt.o)
                0x08006d4c                __ieee754_sqrt
 .text.finite   0x08006e88       0x10 c:/program files (x86)/atollic/truestudio for stm32 9.2.0/armtools/bin/../lib/gcc/arm-atollic-eabi/6.3.1/../../../../arm-atollic-eabi/lib/armv7e-m/fpu/fpv5-d16\libm.a(lib_a-s_finite.o)
                0x08006e88                finite
 .text.matherr  0x08006e98        0x4 c:/program files (x86)/atollic/truestudio for stm32 9.2.0/armtools/bin/../lib/gcc/arm-atollic-eabi/6.3.1/../../../../arm-atollic-eabi/lib/armv7e-m/fpu/fpv5-d16\libm.a(lib_a-s_matherr.o)
                0x08006e98                matherr
 *fill*         0x08006e9c        0x4 
 .text.nan      0x08006ea0       0x10 c:/program files (x86)/atollic/truestudio for stm32 9.2.0/armtools/bin/../lib/gcc/arm-atollic-eabi/6.3.1/../../../../arm-atollic-eabi/lib/armv7e-m/fpu/fpv5-d16\libm.a(lib_a-s_nan.o)
                0x08006ea0                nan
 .text.__errno  0x08006eb0        0xc c:/program files (x86)/atollic/truestudio for stm32 9.2.0/armtools/bin/../lib/gcc/arm-atollic-eabi/6.3.1/../../../../arm-atollic-eabi/lib/armv7e-m/fpu/fpv5-d16\libc_nano.a(lib_a-errno.o)
                0x08006eb0                __errno
 *(.glue_7)
 .glue_7        0x08006ebc        0x0 linker stubs
 *(.glue_7t)
 .glue_7t       0x08006ebc        0x0 linker stubs
 *(.eh_frame)
 .eh_frame      0x08006ebc        0x0 c:/program files (x86)/atollic/truestudio for stm32 9.2.0/armtools/bin/../lib/gcc/arm-atollic-eabi/6.3.1/armv7e-m/fpu/fpv5-d16/crtbegin.o
 *(.init)
 .init          0x08006ebc        0x4 c:/program files (x86)/atollic/truestudio for stm32 9.2.0/armtools/bin/../lib/gcc/arm-atollic-eabi/6.3.1/armv7e-m/fpu/fpv5-d16/crti.o
                0x08006ebc                _init
 .init          0x08006ec0        0x8 c:/program files (x86)/atollic/truestudio for stm32 9.2.0/armtools/bin/../lib/gcc/arm-atollic-eabi/6.3.1/armv7e-m/fpu/fpv5-d16/crtn.o
 *(.fini)
 .fini          0x08006ec8        0x4 c:/program files (x86)/atollic/truestudio for stm32 9.2.0/armtools/bin/../lib/gcc/arm-atollic-eabi/6.3.1/armv7e-m/fpu/fpv5-d16/crti.o
                0x08006ec8                _fini
 .fini          0x08006ecc        0x8 c:/program files (x86)/atollic/truestudio for stm32 9.2.0/armtools/bin/../lib/gcc/arm-atollic-eabi/6.3.1/armv7e-m/fpu/fpv5-d16/crtn.o
                0x08006ed4                . = ALIGN (0x4)
                0x08006ed4                _etext = .

.vfp11_veneer   0x08006ed4        0x0
 .vfp11_veneer  0x08006ed4        0x0 linker stubs

.v4_bx          0x08006ed4        0x0
 .v4_bx         0x08006ed4        0x0 linker stubs

.iplt           0x08006ed4        0x0
 .iplt          0x08006ed4        0x0 c:/program files (x86)/atollic/truestudio for stm32 9.2.0/armtools/bin/../lib/gcc/arm-atollic-eabi/6.3.1/armv7e-m/fpu/fpv5-d16/crtbegin.o

.rodata         0x08006ed8     0x13d8
                0x08006ed8                . = ALIGN (0x4)
 *(.rodata)
 *(.rodata*)
 .rodata.flagBitshiftOffset.9612
                0x08006ed8        0x8 Drivers\STM32F7xx_HAL_Driver\Src\stm32f7xx_hal_dma.o
 .rodata.CSWTCH.38
                0x08006ee0        0x4 Drivers\STM32F7xx_HAL_Driver\Src\stm32f7xx_hal_uart.o
 .rodata.CSWTCH.39
                0x08006ee4        0xd Drivers\STM32F7xx_HAL_Driver\Src\stm32f7xx_hal_uart.o
 .rodata.MX_I2C1_Init.str1.1
                0x08006ef1        0xd Src\i2c.o
 .rodata.MX_IWDG_Init.str1.1
                0x08006efe        0xe Src\iwdg.o
 .rodata.dataprintf.str1.1
                0x08006f0c       0x8a Src\main.o
                                 0x8d (size before relaxing)
 *fill*         0x08006f96        0x2 
 .rodata.atan_table
                0x08006f98      0x9c4 Src\myatan2.o
                0x08006f98                atan_table
 .rodata.atan_table_delimit_val
                0x0800795c       0x6c Src\myatan2.o
                0x0800795c                atan_table_delimit_val
 .rodata.atan_table_width
                0x080079c8       0x68 Src\myatan2.o
                0x080079c8                atan_table_width
 .rodata.make_end_flug.str1.1
                0x08007a30        0x7 Src\sensor.o
 .rodata.AHBPrescTable
                0x08007a37       0x10 Src\system_stm32f7xx.o
                0x08007a37                AHBPrescTable
 .rodata.APBPrescTable
                0x08007a47        0x8 Src\system_stm32f7xx.o
                0x08007a47                APBPrescTable
 .rodata.MX_TIM2_Init.str1.1
                0x08007a4f        0xd Src\tim.o
 .rodata.MX_UART4_Init.str1.1
                0x08007a5c        0xf Src\usart.o
 *fill*         0x08007a6b        0x1 
 .rodata.sinTable_f32
                0x08007a6c      0x804 C:\Users\ryouma\Documents\GitHub\TippyRobot\F767_main\libarm_cortexM7lfdp_math.a(arm_common_tables.o)
                0x08007a6c                sinTable_f32
 .rodata.exp.str1.1
                0x08008270        0x4 c:/program files (x86)/atollic/truestudio for stm32 9.2.0/armtools/bin/../lib/gcc/arm-atollic-eabi/6.3.1/../../../../arm-atollic-eabi/lib/armv7e-m/fpu/fpv5-d16\libm.a(lib_a-w_exp.o)
 .rodata.log.str1.1
                0x08008274        0x4 c:/program files (x86)/atollic/truestudio for stm32 9.2.0/armtools/bin/../lib/gcc/arm-atollic-eabi/6.3.1/../../../../arm-atollic-eabi/lib/armv7e-m/fpu/fpv5-d16\libm.a(lib_a-w_log.o)
                                  0x5 (size before relaxing)
 .rodata.sqrt.str1.1
                0x08008278        0x5 c:/program files (x86)/atollic/truestudio for stm32 9.2.0/armtools/bin/../lib/gcc/arm-atollic-eabi/6.3.1/../../../../arm-atollic-eabi/lib/armv7e-m/fpu/fpv5-d16\libm.a(lib_a-w_sqrt.o)
 *fill*         0x0800827d        0x3 
 .rodata.halF   0x08008280       0x10 c:/program files (x86)/atollic/truestudio for stm32 9.2.0/armtools/bin/../lib/gcc/arm-atollic-eabi/6.3.1/../../../../arm-atollic-eabi/lib/armv7e-m/fpu/fpv5-d16\libm.a(lib_a-e_exp.o)
 .rodata.ln2HI  0x08008290       0x10 c:/program files (x86)/atollic/truestudio for stm32 9.2.0/armtools/bin/../lib/gcc/arm-atollic-eabi/6.3.1/../../../../arm-atollic-eabi/lib/armv7e-m/fpu/fpv5-d16\libm.a(lib_a-e_exp.o)
 .rodata.ln2LO  0x080082a0       0x10 c:/program files (x86)/atollic/truestudio for stm32 9.2.0/armtools/bin/../lib/gcc/arm-atollic-eabi/6.3.1/../../../../arm-atollic-eabi/lib/armv7e-m/fpu/fpv5-d16\libm.a(lib_a-e_exp.o)
                0x080082b0                . = ALIGN (0x4)

.rel.dyn        0x080082b0        0x0
 .rel.iplt      0x080082b0        0x0 c:/program files (x86)/atollic/truestudio for stm32 9.2.0/armtools/bin/../lib/gcc/arm-atollic-eabi/6.3.1/armv7e-m/fpu/fpv5-d16/crtbegin.o

.ARM.extab
 *(.ARM.extab* .gnu.linkonce.armextab.*)

.ARM            0x080082b0        0x0
                0x080082b0                __exidx_start = .
 *(.ARM.exidx*)
                0x080082b0                __exidx_end = .

.preinit_array  0x080082b0        0x0
                0x080082b0                PROVIDE (__preinit_array_start, .)
 *(.preinit_array*)
                0x080082b0                PROVIDE (__preinit_array_end, .)

.init_array     0x080082b0        0x4
                0x080082b0                PROVIDE (__init_array_start, .)
 *(SORT(.init_array.*))
 *(.init_array*)
 .init_array    0x080082b0        0x4 c:/program files (x86)/atollic/truestudio for stm32 9.2.0/armtools/bin/../lib/gcc/arm-atollic-eabi/6.3.1/armv7e-m/fpu/fpv5-d16/crtbegin.o
                0x080082b4                PROVIDE (__init_array_end, .)

.fini_array     0x080082b4        0x4
                [!provide]                PROVIDE (__fini_array_start, .)
 *(SORT(.fini_array.*))
 *(.fini_array*)
 .fini_array    0x080082b4        0x4 c:/program files (x86)/atollic/truestudio for stm32 9.2.0/armtools/bin/../lib/gcc/arm-atollic-eabi/6.3.1/armv7e-m/fpu/fpv5-d16/crtbegin.o
                [!provide]                PROVIDE (__fini_array_end, .)
                0x080082b8                _sidata = LOADADDR (.data)

.data           0x20000000       0x70 load address 0x080082b8
                0x20000000                . = ALIGN (0x4)
                0x20000000                _sdata = .
 *(.data)
 *(.data*)
 .data.modetemp
                0x20000000        0x1 Src\main.o
                0x20000000                modetemp
 *fill*         0x20000001        0x3 
 .data.SystemCoreClock
                0x20000004        0x4 Src\system_stm32f7xx.o
                0x20000004                SystemCoreClock
 .data.__fdlib_version
                0x20000008        0x1 c:/program files (x86)/atollic/truestudio for stm32 9.2.0/armtools/bin/../lib/gcc/arm-atollic-eabi/6.3.1/../../../../arm-atollic-eabi/lib/armv7e-m/fpu/fpv5-d16\libm.a(lib_a-s_lib_ver.o)
                0x20000008                __fdlib_version
 *fill*         0x20000009        0x3 
 .data._impure_ptr
                0x2000000c        0x4 c:/program files (x86)/atollic/truestudio for stm32 9.2.0/armtools/bin/../lib/gcc/arm-atollic-eabi/6.3.1/../../../../arm-atollic-eabi/lib/armv7e-m/fpu/fpv5-d16\libc_nano.a(lib_a-impure.o)
                0x2000000c                _impure_ptr
 .data.impure_data
                0x20000010       0x60 c:/program files (x86)/atollic/truestudio for stm32 9.2.0/armtools/bin/../lib/gcc/arm-atollic-eabi/6.3.1/../../../../arm-atollic-eabi/lib/armv7e-m/fpu/fpv5-d16\libc_nano.a(lib_a-impure.o)
                0x20000070                . = ALIGN (0x4)
                0x20000070                _edata = .

.igot.plt       0x20000070        0x0 load address 0x08008328
 .igot.plt      0x20000070        0x0 c:/program files (x86)/atollic/truestudio for stm32 9.2.0/armtools/bin/../lib/gcc/arm-atollic-eabi/6.3.1/armv7e-m/fpu/fpv5-d16/crtbegin.o
                0x20000070                . = ALIGN (0x4)

.bss            0x20000070      0x7b4 load address 0x08008328
                0x20000070                _sbss = .
                0x20000070                __bss_start__ = _sbss
 *(.bss)
 .bss           0x20000070       0x1c c:/program files (x86)/atollic/truestudio for stm32 9.2.0/armtools/bin/../lib/gcc/arm-atollic-eabi/6.3.1/armv7e-m/fpu/fpv5-d16/crtbegin.o
 *(.bss*)
 .bss.lineflugb
                0x2000008c       0x18 Src\main.o
                0x2000008c                lineflugb
 .bss.lineflugf
                0x200000a4       0x18 Src\main.o
                0x200000a4                lineflugf
 .bss.lineflugl
                0x200000bc       0x18 Src\main.o
                0x200000bc                lineflugl
 .bss.lineflugr
                0x200000d4       0x18 Src\main.o
                0x200000d4                lineflugr
 .bss.outptr    0x200000ec        0x4 Src\xprintf.o
 *(COMMON)
 COMMON         0x200000f0        0x4 Drivers\STM32F7xx_HAL_Driver\Src\stm32f7xx_hal.o
                0x200000f0                uwTick
 COMMON         0x200000f4        0xc Src\DFPlayer_Mini_mp3.o
                0x200000f4                huart_DFPlayer
                0x200000f8                cmd
 COMMON         0x20000100      0x100 Src\actuator.o
                0x20000100                openMVdata
                0x2000010c                HOUI_def
                0x2000010e                TRa
                0x20000110                tempdata_ultrasonic
                0x2000011c                temp2
                0x20000120                Rxbuf_opneMV
                0x2000012c                power
                0x20000130                IRtempdata
                0x20000134                sMasterConfig
                0x20000140                JY901_I2C
                0x20000144                HMC6352_I2C
                0x20000148                power3
                0x2000014c                Ultasonic
                0x20000156                data_openMV
                0x20000160                huart_xprintf
                0x20000164                temp1
                0x20000168                Rxbuf_IR
                0x2000016d                mode
                0x2000016e                Rxbuf_Ultrasonic
                0x2000017c                digree
                0x20000180                HOUI
                0x20000184                sConfigOC
                0x200001a0                power2
                0x200001a4                mofumofu
                0x200001a6                balldata
                0x200001ac                sBreakDeadTimeConfig
                0x200001d8                power4
                0x200001dc                y
                0x200001e0                TLa
                0x200001e2                place
                0x200001e4                markerdata
                0x200001ec                power1
                0x200001f0                digtemp
                0x200001f4                IRdata
                0x200001f8                mofumofu2
                0x200001fa                linetemp
                0x200001fc                IR
 COMMON         0x20000200       0xe4 Src\i2c.o
                0x20000200                hi2c3
                0x2000024c                hi2c1
                0x20000298                hi2c2
 COMMON         0x200002e4       0x10 Src\iwdg.o
                0x200002e4                hiwdg
 COMMON         0x200002f4       0x25 Src\main.o
                0x200002f4                sConfig
                0x20000318                counttime
 *fill*         0x20000319        0x3 
 COMMON         0x2000031c      0x140 Src\tim.o
                0x2000031c                htim4
                0x2000035c                htim3
                0x2000039c                htim6
                0x200003dc                htim1
                0x2000041c                htim2
 COMMON         0x2000045c      0x3c0 Src\usart.o
                0x2000045c                hdma_uart4_rx
                0x200004bc                hdma_usart2_rx
                0x2000051c                hdma_usart3_rx
                0x2000057c                huart3
                0x200005ec                huart1
                0x2000065c                huart8
                0x200006cc                huart6
                0x2000073c                huart4
                0x200007ac                huart2
 COMMON         0x2000081c        0x8 Src\xprintf.o
                0x2000081c                xfunc_in
                0x20000820                xfunc_out
                0x20000824                . = ALIGN (0x4)
                0x20000824                _ebss = .
                0x20000824                __bss_end__ = _ebss

._user_heap_stack
                0x20000824      0xc00 load address 0x08008328
                0x20000824                . = ALIGN (0x4)
                [!provide]                PROVIDE (end, .)
                [!provide]                PROVIDE (_end, .)
                0x20000c24                . = (. + _Min_Heap_Size)
 *fill*         0x20000824      0x400 
                0x20001424                . = (. + _Min_Stack_Size)
 *fill*         0x20000c24      0x800 
                0x20001424                . = ALIGN (0x4)

/DISCARD/
 libc.a(*)
 libm.a(*)
 libgcc.a(*)

.ARM.attributes
                0x00000000       0x2e
 *(.ARM.attributes)
 .ARM.attributes
                0x00000000       0x20 c:/program files (x86)/atollic/truestudio for stm32 9.2.0/armtools/bin/../lib/gcc/arm-atollic-eabi/6.3.1/armv7e-m/fpu/fpv5-d16/crti.o
 .ARM.attributes
                0x00000020       0x32 c:/program files (x86)/atollic/truestudio for stm32 9.2.0/armtools/bin/../lib/gcc/arm-atollic-eabi/6.3.1/armv7e-m/fpu/fpv5-d16/crtbegin.o
 .ARM.attributes
                0x00000052       0x37 Drivers\STM32F7xx_HAL_Driver\Src\stm32f7xx_hal.o
 .ARM.attributes
                0x00000089       0x37 Drivers\STM32F7xx_HAL_Driver\Src\stm32f7xx_hal_cortex.o
 .ARM.attributes
                0x000000c0       0x37 Drivers\STM32F7xx_HAL_Driver\Src\stm32f7xx_hal_dma.o
 .ARM.attributes
                0x000000f7       0x37 Drivers\STM32F7xx_HAL_Driver\Src\stm32f7xx_hal_gpio.o
 .ARM.attributes
                0x0000012e       0x37 Drivers\STM32F7xx_HAL_Driver\Src\stm32f7xx_hal_i2c.o
 .ARM.attributes
                0x00000165       0x37 Drivers\STM32F7xx_HAL_Driver\Src\stm32f7xx_hal_i2c_ex.o
 .ARM.attributes
                0x0000019c       0x37 Drivers\STM32F7xx_HAL_Driver\Src\stm32f7xx_hal_iwdg.o
 .ARM.attributes
                0x000001d3       0x37 Drivers\STM32F7xx_HAL_Driver\Src\stm32f7xx_hal_pwr_ex.o
 .ARM.attributes
                0x0000020a       0x37 Drivers\STM32F7xx_HAL_Driver\Src\stm32f7xx_hal_rcc.o
 .ARM.attributes
                0x00000241       0x37 Drivers\STM32F7xx_HAL_Driver\Src\stm32f7xx_hal_rcc_ex.o
 .ARM.attributes
                0x00000278       0x37 Drivers\STM32F7xx_HAL_Driver\Src\stm32f7xx_hal_tim.o
 .ARM.attributes
                0x000002af       0x37 Drivers\STM32F7xx_HAL_Driver\Src\stm32f7xx_hal_tim_ex.o
 .ARM.attributes
                0x000002e6       0x37 Drivers\STM32F7xx_HAL_Driver\Src\stm32f7xx_hal_uart.o
 .ARM.attributes
                0x0000031d       0x37 Src\DFPlayer_Mini_mp3.o
 .ARM.attributes
                0x00000354       0x37 Src\actuator.o
 .ARM.attributes
                0x0000038b       0x37 Src\dma.o
 .ARM.attributes
                0x000003c2       0x37 Src\gpio.o
 .ARM.attributes
                0x000003f9       0x37 Src\i2c.o
 .ARM.attributes
                0x00000430       0x37 Src\iwdg.o
 .ARM.attributes
                0x00000467       0x37 Src\main.o
 .ARM.attributes
                0x0000049e       0x37 Src\microsectimer.o
 .ARM.attributes
                0x000004d5       0x37 Src\myatan2.o
 .ARM.attributes
                0x0000050c       0x37 Src\omni_wheel.o
 .ARM.attributes
                0x00000543       0x37 Src\sensor.o
 .ARM.attributes
                0x0000057a       0x37 Src\stm32f7xx_hal_msp.o
 .ARM.attributes
                0x000005b1       0x37 Src\stm32f7xx_it.o
 .ARM.attributes
                0x000005e8       0x37 Src\system_stm32f7xx.o
 .ARM.attributes
                0x0000061f       0x37 Src\tim.o
 .ARM.attributes
                0x00000656       0x37 Src\usart.o
 .ARM.attributes
                0x0000068d       0x37 Src\xprintf.o
 .ARM.attributes
                0x000006c4       0x21 startup\startup_stm32f767xx.o
 .ARM.attributes
                0x000006e5       0x37 C:\Users\ryouma\Documents\GitHub\TippyRobot\F767_main\libarm_cortexM7lfdp_math.a(arm_sin_f32.o)
 .ARM.attributes
                0x0000071c       0x37 C:\Users\ryouma\Documents\GitHub\TippyRobot\F767_main\libarm_cortexM7lfdp_math.a(arm_common_tables.o)
 .ARM.attributes
                0x00000753       0x32 c:/program files (x86)/atollic/truestudio for stm32 9.2.0/armtools/bin/../lib/gcc/arm-atollic-eabi/6.3.1/../../../../arm-atollic-eabi/lib/armv7e-m/fpu/fpv5-d16\libc_nano.a(lib_a-init.o)
 .ARM.attributes
                0x00000785       0x32 c:/program files (x86)/atollic/truestudio for stm32 9.2.0/armtools/bin/../lib/gcc/arm-atollic-eabi/6.3.1/../../../../arm-atollic-eabi/lib/armv7e-m/fpu/fpv5-d16\libm.a(lib_a-w_exp.o)
 .ARM.attributes
                0x000007b7       0x32 c:/program files (x86)/atollic/truestudio for stm32 9.2.0/armtools/bin/../lib/gcc/arm-atollic-eabi/6.3.1/../../../../arm-atollic-eabi/lib/armv7e-m/fpu/fpv5-d16\libm.a(lib_a-w_log.o)
 .ARM.attributes
                0x000007e9       0x32 c:/program files (x86)/atollic/truestudio for stm32 9.2.0/armtools/bin/../lib/gcc/arm-atollic-eabi/6.3.1/../../../../arm-atollic-eabi/lib/armv7e-m/fpu/fpv5-d16\libm.a(lib_a-w_sqrt.o)
 .ARM.attributes
                0x0000081b       0x32 c:/program files (x86)/atollic/truestudio for stm32 9.2.0/armtools/bin/../lib/gcc/arm-atollic-eabi/6.3.1/../../../../arm-atollic-eabi/lib/armv7e-m/fpu/fpv5-d16\libm.a(lib_a-e_exp.o)
 .ARM.attributes
                0x0000084d       0x32 c:/program files (x86)/atollic/truestudio for stm32 9.2.0/armtools/bin/../lib/gcc/arm-atollic-eabi/6.3.1/../../../../arm-atollic-eabi/lib/armv7e-m/fpu/fpv5-d16\libm.a(lib_a-e_log.o)
 .ARM.attributes
                0x0000087f       0x32 c:/program files (x86)/atollic/truestudio for stm32 9.2.0/armtools/bin/../lib/gcc/arm-atollic-eabi/6.3.1/../../../../arm-atollic-eabi/lib/armv7e-m/fpu/fpv5-d16\libm.a(lib_a-e_sqrt.o)
 .ARM.attributes
                0x000008b1       0x32 c:/program files (x86)/atollic/truestudio for stm32 9.2.0/armtools/bin/../lib/gcc/arm-atollic-eabi/6.3.1/../../../../arm-atollic-eabi/lib/armv7e-m/fpu/fpv5-d16\libm.a(lib_a-s_finite.o)
 .ARM.attributes
                0x000008e3       0x32 c:/program files (x86)/atollic/truestudio for stm32 9.2.0/armtools/bin/../lib/gcc/arm-atollic-eabi/6.3.1/../../../../arm-atollic-eabi/lib/armv7e-m/fpu/fpv5-d16\libm.a(lib_a-s_lib_ver.o)
 .ARM.attributes
                0x00000915       0x32 c:/program files (x86)/atollic/truestudio for stm32 9.2.0/armtools/bin/../lib/gcc/arm-atollic-eabi/6.3.1/../../../../arm-atollic-eabi/lib/armv7e-m/fpu/fpv5-d16\libm.a(lib_a-s_matherr.o)
 .ARM.attributes
                0x00000947       0x32 c:/program files (x86)/atollic/truestudio for stm32 9.2.0/armtools/bin/../lib/gcc/arm-atollic-eabi/6.3.1/../../../../arm-atollic-eabi/lib/armv7e-m/fpu/fpv5-d16\libm.a(lib_a-s_nan.o)
 .ARM.attributes
                0x00000979       0x32 c:/program files (x86)/atollic/truestudio for stm32 9.2.0/armtools/bin/../lib/gcc/arm-atollic-eabi/6.3.1/../../../../arm-atollic-eabi/lib/armv7e-m/fpu/fpv5-d16\libc_nano.a(lib_a-errno.o)
 .ARM.attributes
                0x000009ab       0x32 c:/program files (x86)/atollic/truestudio for stm32 9.2.0/armtools/bin/../lib/gcc/arm-atollic-eabi/6.3.1/../../../../arm-atollic-eabi/lib/armv7e-m/fpu/fpv5-d16\libc_nano.a(lib_a-impure.o)
 .ARM.attributes
                0x000009dd       0x20 c:/program files (x86)/atollic/truestudio for stm32 9.2.0/armtools/bin/../lib/gcc/arm-atollic-eabi/6.3.1/armv7e-m/fpu/fpv5-d16/crtn.o
OUTPUT(F767_main.elf elf32-littlearm)

.debug_info     0x00000000    0x2e79b
 .debug_info    0x00000000     0x1278 Drivers\STM32F7xx_HAL_Driver\Src\stm32f7xx_hal.o
 .debug_info    0x00001278     0x19a8 Drivers\STM32F7xx_HAL_Driver\Src\stm32f7xx_hal_cortex.o
 .debug_info    0x00002c20     0x125c Drivers\STM32F7xx_HAL_Driver\Src\stm32f7xx_hal_dma.o
 .debug_info    0x00003e7c      0xfbc Drivers\STM32F7xx_HAL_Driver\Src\stm32f7xx_hal_gpio.o
 .debug_info    0x00004e38     0x397c Drivers\STM32F7xx_HAL_Driver\Src\stm32f7xx_hal_i2c.o
 .debug_info    0x000087b4     0x11b6 Drivers\STM32F7xx_HAL_Driver\Src\stm32f7xx_hal_i2c_ex.o
 .debug_info    0x0000996a      0xabf Drivers\STM32F7xx_HAL_Driver\Src\stm32f7xx_hal_iwdg.o
 .debug_info    0x0000a429     0x122c Drivers\STM32F7xx_HAL_Driver\Src\stm32f7xx_hal_pwr_ex.o
 .debug_info    0x0000b655     0x12c4 Drivers\STM32F7xx_HAL_Driver\Src\stm32f7xx_hal_rcc.o
 .debug_info    0x0000c919      0xf46 Drivers\STM32F7xx_HAL_Driver\Src\stm32f7xx_hal_rcc_ex.o
 .debug_info    0x0000d85f     0x3acd Drivers\STM32F7xx_HAL_Driver\Src\stm32f7xx_hal_tim.o
 .debug_info    0x0001132c     0x1e5c Drivers\STM32F7xx_HAL_Driver\Src\stm32f7xx_hal_tim_ex.o
 .debug_info    0x00013188     0x20b0 Drivers\STM32F7xx_HAL_Driver\Src\stm32f7xx_hal_uart.o
 .debug_info    0x00015238      0xff2 Src\DFPlayer_Mini_mp3.o
 .debug_info    0x0001622a     0x2286 Src\actuator.o
 .debug_info    0x000184b0      0xe9d Src\dma.o
 .debug_info    0x0001934d      0xec9 Src\gpio.o
 .debug_info    0x0001a216     0x1532 Src\i2c.o
 .debug_info    0x0001b748      0xa8b Src\iwdg.o
 .debug_info    0x0001c1d3     0x45c2 Src\main.o
 .debug_info    0x00020795      0xa55 Src\microsectimer.o
 .debug_info    0x000211ea      0xa55 Src\myatan2.o
 .debug_info    0x00021c3f     0x2857 Src\omni_wheel.o
 .debug_info    0x00024496     0x21a0 Src\sensor.o
 .debug_info    0x00026636      0xd03 Src\stm32f7xx_hal_msp.o
 .debug_info    0x00027339      0xfa3 Src\stm32f7xx_it.o
 .debug_info    0x000282dc      0xf05 Src\system_stm32f7xx.o
 .debug_info    0x000291e1     0x1e71 Src\tim.o
 .debug_info    0x0002b052     0x15c2 Src\usart.o
 .debug_info    0x0002c614     0x15ea Src\xprintf.o
 .debug_info    0x0002dbfe       0x82 startup\startup_stm32f767xx.o
 .debug_info    0x0002dc80      0x17e C:\Users\ryouma\Documents\GitHub\TippyRobot\F767_main\libarm_cortexM7lfdp_math.a(arm_sin_f32.o)
 .debug_info    0x0002ddfe      0x99d C:\Users\ryouma\Documents\GitHub\TippyRobot\F767_main\libarm_cortexM7lfdp_math.a(arm_common_tables.o)

.debug_abbrev   0x00000000     0x5316
 .debug_abbrev  0x00000000      0x2a4 Drivers\STM32F7xx_HAL_Driver\Src\stm32f7xx_hal.o
 .debug_abbrev  0x000002a4      0x399 Drivers\STM32F7xx_HAL_Driver\Src\stm32f7xx_hal_cortex.o
 .debug_abbrev  0x0000063d      0x34a Drivers\STM32F7xx_HAL_Driver\Src\stm32f7xx_hal_dma.o
 .debug_abbrev  0x00000987      0x268 Drivers\STM32F7xx_HAL_Driver\Src\stm32f7xx_hal_gpio.o
 .debug_abbrev  0x00000bef      0x3c9 Drivers\STM32F7xx_HAL_Driver\Src\stm32f7xx_hal_i2c.o
 .debug_abbrev  0x00000fb8      0x209 Drivers\STM32F7xx_HAL_Driver\Src\stm32f7xx_hal_i2c_ex.o
 .debug_abbrev  0x000011c1      0x1e4 Drivers\STM32F7xx_HAL_Driver\Src\stm32f7xx_hal_iwdg.o
 .debug_abbrev  0x000013a5      0x2b6 Drivers\STM32F7xx_HAL_Driver\Src\stm32f7xx_hal_pwr_ex.o
 .debug_abbrev  0x0000165b      0x34b Drivers\STM32F7xx_HAL_Driver\Src\stm32f7xx_hal_rcc.o
 .debug_abbrev  0x000019a6      0x25f Drivers\STM32F7xx_HAL_Driver\Src\stm32f7xx_hal_rcc_ex.o
 .debug_abbrev  0x00001c05      0x3ac Drivers\STM32F7xx_HAL_Driver\Src\stm32f7xx_hal_tim.o
 .debug_abbrev  0x00001fb1      0x30d Drivers\STM32F7xx_HAL_Driver\Src\stm32f7xx_hal_tim_ex.o
 .debug_abbrev  0x000022be      0x3a6 Drivers\STM32F7xx_HAL_Driver\Src\stm32f7xx_hal_uart.o
 .debug_abbrev  0x00002664      0x22e Src\DFPlayer_Mini_mp3.o
 .debug_abbrev  0x00002892      0x2c1 Src\actuator.o
 .debug_abbrev  0x00002b53      0x1f5 Src\dma.o
 .debug_abbrev  0x00002d48      0x1f7 Src\gpio.o
 .debug_abbrev  0x00002f3f      0x237 Src\i2c.o
 .debug_abbrev  0x00003176      0x1e4 Src\iwdg.o
 .debug_abbrev  0x0000335a      0x3f1 Src\main.o
 .debug_abbrev  0x0000374b      0x20c Src\microsectimer.o
 .debug_abbrev  0x00003957      0x23e Src\myatan2.o
 .debug_abbrev  0x00003b95      0x31a Src\omni_wheel.o
 .debug_abbrev  0x00003eaf      0x3f5 Src\sensor.o
 .debug_abbrev  0x000042a4      0x1d3 Src\stm32f7xx_hal_msp.o
 .debug_abbrev  0x00004477      0x231 Src\stm32f7xx_it.o
 .debug_abbrev  0x000046a8      0x1e6 Src\system_stm32f7xx.o
 .debug_abbrev  0x0000488e      0x2ee Src\tim.o
 .debug_abbrev  0x00004b7c      0x289 Src\usart.o
 .debug_abbrev  0x00004e05      0x3a8 Src\xprintf.o
 .debug_abbrev  0x000051ad       0x12 startup\startup_stm32f767xx.o
 .debug_abbrev  0x000051bf       0xd3 C:\Users\ryouma\Documents\GitHub\TippyRobot\F767_main\libarm_cortexM7lfdp_math.a(arm_sin_f32.o)
 .debug_abbrev  0x00005292       0x84 C:\Users\ryouma\Documents\GitHub\TippyRobot\F767_main\libarm_cortexM7lfdp_math.a(arm_common_tables.o)

.debug_loc      0x00000000     0xce72
 .debug_loc     0x00000000       0x6a Drivers\STM32F7xx_HAL_Driver\Src\stm32f7xx_hal.o
 .debug_loc     0x0000006a      0x536 Drivers\STM32F7xx_HAL_Driver\Src\stm32f7xx_hal_cortex.o
 .debug_loc     0x000005a0      0x7ed Drivers\STM32F7xx_HAL_Driver\Src\stm32f7xx_hal_dma.o
 .debug_loc     0x00000d8d      0x3cd Drivers\STM32F7xx_HAL_Driver\Src\stm32f7xx_hal_gpio.o
 .debug_loc     0x0000115a     0x320f Drivers\STM32F7xx_HAL_Driver\Src\stm32f7xx_hal_i2c.o
 .debug_loc     0x00004369      0x144 Drivers\STM32F7xx_HAL_Driver\Src\stm32f7xx_hal_i2c_ex.o
 .debug_loc     0x000044ad       0x68 Drivers\STM32F7xx_HAL_Driver\Src\stm32f7xx_hal_iwdg.o
 .debug_loc     0x00004515      0x1c2 Drivers\STM32F7xx_HAL_Driver\Src\stm32f7xx_hal_pwr_ex.o
 .debug_loc     0x000046d7      0x37e Drivers\STM32F7xx_HAL_Driver\Src\stm32f7xx_hal_rcc.o
 .debug_loc     0x00004a55      0x4c4 Drivers\STM32F7xx_HAL_Driver\Src\stm32f7xx_hal_rcc_ex.o
 .debug_loc     0x00004f19     0x2eb3 Drivers\STM32F7xx_HAL_Driver\Src\stm32f7xx_hal_tim.o
 .debug_loc     0x00007dcc     0x11e1 Drivers\STM32F7xx_HAL_Driver\Src\stm32f7xx_hal_tim_ex.o
 .debug_loc     0x00008fad     0x131b Drivers\STM32F7xx_HAL_Driver\Src\stm32f7xx_hal_uart.o
 .debug_loc     0x0000a2c8       0x5a Src\DFPlayer_Mini_mp3.o
 .debug_loc     0x0000a322      0x4bc Src\actuator.o
 .debug_loc     0x0000a7de       0xb1 Src\i2c.o
 .debug_loc     0x0000a88f      0xe28 Src\main.o
 .debug_loc     0x0000b6b7       0x65 Src\microsectimer.o
 .debug_loc     0x0000b71c      0x1c7 Src\myatan2.o
 .debug_loc     0x0000b8e3      0x18d Src\omni_wheel.o
 .debug_loc     0x0000ba70      0x4f6 Src\sensor.o
 .debug_loc     0x0000bf66      0x11c Src\system_stm32f7xx.o
 .debug_loc     0x0000c082      0x100 Src\tim.o
 .debug_loc     0x0000c182      0x129 Src\usart.o
 .debug_loc     0x0000c2ab      0xaef Src\xprintf.o
 .debug_loc     0x0000cd9a       0xd8 C:\Users\ryouma\Documents\GitHub\TippyRobot\F767_main\libarm_cortexM7lfdp_math.a(arm_sin_f32.o)

.debug_aranges  0x00000000     0x1008
 .debug_aranges
                0x00000000       0xf0 Drivers\STM32F7xx_HAL_Driver\Src\stm32f7xx_hal.o
 .debug_aranges
                0x000000f0       0xa8 Drivers\STM32F7xx_HAL_Driver\Src\stm32f7xx_hal_cortex.o
 .debug_aranges
                0x00000198       0x80 Drivers\STM32F7xx_HAL_Driver\Src\stm32f7xx_hal_dma.o
 .debug_aranges
                0x00000218       0x58 Drivers\STM32F7xx_HAL_Driver\Src\stm32f7xx_hal_gpio.o
 .debug_aranges
                0x00000270      0x200 Drivers\STM32F7xx_HAL_Driver\Src\stm32f7xx_hal_i2c.o
 .debug_aranges
                0x00000470       0x38 Drivers\STM32F7xx_HAL_Driver\Src\stm32f7xx_hal_i2c_ex.o
 .debug_aranges
                0x000004a8       0x28 Drivers\STM32F7xx_HAL_Driver\Src\stm32f7xx_hal_iwdg.o
 .debug_aranges
                0x000004d0       0x80 Drivers\STM32F7xx_HAL_Driver\Src\stm32f7xx_hal_pwr_ex.o
 .debug_aranges
                0x00000550       0x88 Drivers\STM32F7xx_HAL_Driver\Src\stm32f7xx_hal_rcc.o
 .debug_aranges
                0x000005d8       0x30 Drivers\STM32F7xx_HAL_Driver\Src\stm32f7xx_hal_rcc_ex.o
 .debug_aranges
                0x00000608      0x260 Drivers\STM32F7xx_HAL_Driver\Src\stm32f7xx_hal_tim.o
 .debug_aranges
                0x00000868      0x128 Drivers\STM32F7xx_HAL_Driver\Src\stm32f7xx_hal_tim_ex.o
 .debug_aranges
                0x00000990      0x148 Drivers\STM32F7xx_HAL_Driver\Src\stm32f7xx_hal_uart.o
 .debug_aranges
                0x00000ad8       0x38 Src\DFPlayer_Mini_mp3.o
 .debug_aranges
                0x00000b10       0x50 Src\actuator.o
 .debug_aranges
                0x00000b60       0x20 Src\dma.o
 .debug_aranges
                0x00000b80       0x20 Src\gpio.o
 .debug_aranges
                0x00000ba0       0x40 Src\i2c.o
 .debug_aranges
                0x00000be0       0x20 Src\iwdg.o
 .debug_aranges
                0x00000c00       0x90 Src\main.o
 .debug_aranges
                0x00000c90       0x28 Src\microsectimer.o
 .debug_aranges
                0x00000cb8       0x28 Src\myatan2.o
 .debug_aranges
                0x00000ce0       0x38 Src\omni_wheel.o
 .debug_aranges
                0x00000d18       0x80 Src\sensor.o
 .debug_aranges
                0x00000d98       0x20 Src\stm32f7xx_hal_msp.o
 .debug_aranges
                0x00000db8       0x68 Src\stm32f7xx_it.o
 .debug_aranges
                0x00000e20       0x28 Src\system_stm32f7xx.o
 .debug_aranges
                0x00000e48       0x78 Src\tim.o
 .debug_aranges
                0x00000ec0       0x58 Src\usart.o
 .debug_aranges
                0x00000f18       0x90 Src\xprintf.o
 .debug_aranges
                0x00000fa8       0x28 startup\startup_stm32f767xx.o
 .debug_aranges
                0x00000fd0       0x20 C:\Users\ryouma\Documents\GitHub\TippyRobot\F767_main\libarm_cortexM7lfdp_math.a(arm_sin_f32.o)
 .debug_aranges
                0x00000ff0       0x18 C:\Users\ryouma\Documents\GitHub\TippyRobot\F767_main\libarm_cortexM7lfdp_math.a(arm_common_tables.o)

.debug_ranges   0x00000000     0x14d0
 .debug_ranges  0x00000000       0xe0 Drivers\STM32F7xx_HAL_Driver\Src\stm32f7xx_hal.o
 .debug_ranges  0x000000e0      0x138 Drivers\STM32F7xx_HAL_Driver\Src\stm32f7xx_hal_cortex.o
 .debug_ranges  0x00000218       0xd0 Drivers\STM32F7xx_HAL_Driver\Src\stm32f7xx_hal_dma.o
 .debug_ranges  0x000002e8       0x70 Drivers\STM32F7xx_HAL_Driver\Src\stm32f7xx_hal_gpio.o
 .debug_ranges  0x00000358      0x268 Drivers\STM32F7xx_HAL_Driver\Src\stm32f7xx_hal_i2c.o
 .debug_ranges  0x000005c0       0x68 Drivers\STM32F7xx_HAL_Driver\Src\stm32f7xx_hal_i2c_ex.o
 .debug_ranges  0x00000628       0x18 Drivers\STM32F7xx_HAL_Driver\Src\stm32f7xx_hal_iwdg.o
 .debug_ranges  0x00000640       0xe8 Drivers\STM32F7xx_HAL_Driver\Src\stm32f7xx_hal_pwr_ex.o
 .debug_ranges  0x00000728       0xf0 Drivers\STM32F7xx_HAL_Driver\Src\stm32f7xx_hal_rcc.o
 .debug_ranges  0x00000818       0x38 Drivers\STM32F7xx_HAL_Driver\Src\stm32f7xx_hal_rcc_ex.o
 .debug_ranges  0x00000850      0x318 Drivers\STM32F7xx_HAL_Driver\Src\stm32f7xx_hal_tim.o
 .debug_ranges  0x00000b68      0x118 Drivers\STM32F7xx_HAL_Driver\Src\stm32f7xx_hal_tim_ex.o
 .debug_ranges  0x00000c80      0x138 Drivers\STM32F7xx_HAL_Driver\Src\stm32f7xx_hal_uart.o
 .debug_ranges  0x00000db8       0x28 Src\DFPlayer_Mini_mp3.o
 .debug_ranges  0x00000de0       0x58 Src\actuator.o
 .debug_ranges  0x00000e38       0x38 Src\dma.o
 .debug_ranges  0x00000e70       0x80 Src\gpio.o
 .debug_ranges  0x00000ef0       0x30 Src\i2c.o
 .debug_ranges  0x00000f20       0x10 Src\iwdg.o
 .debug_ranges  0x00000f30      0x148 Src\main.o
 .debug_ranges  0x00001078       0x18 Src\microsectimer.o
 .debug_ranges  0x00001090       0x18 Src\myatan2.o
 .debug_ranges  0x000010a8       0x90 Src\omni_wheel.o
 .debug_ranges  0x00001138       0x98 Src\sensor.o
 .debug_ranges  0x000011d0       0x10 Src\stm32f7xx_hal_msp.o
 .debug_ranges  0x000011e0       0x58 Src\stm32f7xx_it.o
 .debug_ranges  0x00001238       0x18 Src\system_stm32f7xx.o
 .debug_ranges  0x00001250       0xb0 Src\tim.o
 .debug_ranges  0x00001300      0x108 Src\usart.o
 .debug_ranges  0x00001408       0x98 Src\xprintf.o
 .debug_ranges  0x000014a0       0x20 startup\startup_stm32f767xx.o
 .debug_ranges  0x000014c0       0x10 C:\Users\ryouma\Documents\GitHub\TippyRobot\F767_main\libarm_cortexM7lfdp_math.a(arm_sin_f32.o)

.debug_line     0x00000000     0xb232
 .debug_line    0x00000000      0x490 Drivers\STM32F7xx_HAL_Driver\Src\stm32f7xx_hal.o
 .debug_line    0x00000490      0x4e3 Drivers\STM32F7xx_HAL_Driver\Src\stm32f7xx_hal_cortex.o
 .debug_line    0x00000973      0x604 Drivers\STM32F7xx_HAL_Driver\Src\stm32f7xx_hal_dma.o
 .debug_line    0x00000f77      0x4a8 Drivers\STM32F7xx_HAL_Driver\Src\stm32f7xx_hal_gpio.o
 .debug_line    0x0000141f     0x15a9 Drivers\STM32F7xx_HAL_Driver\Src\stm32f7xx_hal_i2c.o
 .debug_line    0x000029c8      0x377 Drivers\STM32F7xx_HAL_Driver\Src\stm32f7xx_hal_i2c_ex.o
 .debug_line    0x00002d3f      0x301 Drivers\STM32F7xx_HAL_Driver\Src\stm32f7xx_hal_iwdg.o
 .debug_line    0x00003040      0x43c Drivers\STM32F7xx_HAL_Driver\Src\stm32f7xx_hal_pwr_ex.o
 .debug_line    0x0000347c      0x5ff Drivers\STM32F7xx_HAL_Driver\Src\stm32f7xx_hal_rcc.o
 .debug_line    0x00003a7b      0x489 Drivers\STM32F7xx_HAL_Driver\Src\stm32f7xx_hal_rcc_ex.o
 .debug_line    0x00003f04     0x12ba Drivers\STM32F7xx_HAL_Driver\Src\stm32f7xx_hal_tim.o
 .debug_line    0x000051be      0x9af Drivers\STM32F7xx_HAL_Driver\Src\stm32f7xx_hal_tim_ex.o
 .debug_line    0x00005b6d      0xc3b Drivers\STM32F7xx_HAL_Driver\Src\stm32f7xx_hal_uart.o
 .debug_line    0x000067a8      0x344 Src\DFPlayer_Mini_mp3.o
 .debug_line    0x00006aec      0x56b Src\actuator.o
 .debug_line    0x00007057      0x27f Src\dma.o
 .debug_line    0x000072d6      0x2e9 Src\gpio.o
 .debug_line    0x000075bf      0x3b3 Src\i2c.o
 .debug_line    0x00007972      0x2a0 Src\iwdg.o
 .debug_line    0x00007c12      0x985 Src\main.o
 .debug_line    0x00008597      0x2a2 Src\microsectimer.o
 .debug_line    0x00008839      0x1a7 Src\myatan2.o
 .debug_line    0x000089e0      0x6f3 Src\omni_wheel.o
 .debug_line    0x000090d3      0x694 Src\sensor.o
 .debug_line    0x00009767      0x289 Src\stm32f7xx_hal_msp.o
 .debug_line    0x000099f0      0x36b Src\stm32f7xx_it.o
 .debug_line    0x00009d5b      0x274 Src\system_stm32f7xx.o
 .debug_line    0x00009fcf      0x4da Src\tim.o
 .debug_line    0x0000a4a9      0x4af Src\usart.o
 .debug_line    0x0000a958      0x5b3 Src\xprintf.o
 .debug_line    0x0000af0b       0x7f startup\startup_stm32f767xx.o
 .debug_line    0x0000af8a      0x17a C:\Users\ryouma\Documents\GitHub\TippyRobot\F767_main\libarm_cortexM7lfdp_math.a(arm_sin_f32.o)
 .debug_line    0x0000b104      0x12e C:\Users\ryouma\Documents\GitHub\TippyRobot\F767_main\libarm_cortexM7lfdp_math.a(arm_common_tables.o)

.debug_str      0x00000000     0x5dab
 .debug_str     0x00000000     0x1087 Drivers\STM32F7xx_HAL_Driver\Src\stm32f7xx_hal.o
                               0x1121 (size before relaxing)
 .debug_str     0x00001087      0x48e Drivers\STM32F7xx_HAL_Driver\Src\stm32f7xx_hal_cortex.o
                               0x12b7 (size before relaxing)
 .debug_str     0x00001515      0x522 Drivers\STM32F7xx_HAL_Driver\Src\stm32f7xx_hal_dma.o
                                0xbf4 (size before relaxing)
 .debug_str     0x00001a37      0x1ad Drivers\STM32F7xx_HAL_Driver\Src\stm32f7xx_hal_gpio.o
                                0x98b (size before relaxing)
 .debug_str     0x00001be4      0xa29 Drivers\STM32F7xx_HAL_Driver\Src\stm32f7xx_hal_i2c.o
                               0x138b (size before relaxing)
 .debug_str     0x0000260d       0xc4 Drivers\STM32F7xx_HAL_Driver\Src\stm32f7xx_hal_i2c_ex.o
                                0xd8f (size before relaxing)
 .debug_str     0x000026d1       0xa2 Drivers\STM32F7xx_HAL_Driver\Src\stm32f7xx_hal_iwdg.o
                                0x73a (size before relaxing)
 .debug_str     0x00002773      0x21a Drivers\STM32F7xx_HAL_Driver\Src\stm32f7xx_hal_pwr_ex.o
                                0xae6 (size before relaxing)
 .debug_str     0x0000298d      0x2d3 Drivers\STM32F7xx_HAL_Driver\Src\stm32f7xx_hal_rcc.o
                                0xb5e (size before relaxing)
 .debug_str     0x00002c60      0x395 Drivers\STM32F7xx_HAL_Driver\Src\stm32f7xx_hal_rcc_ex.o
                                0xb53 (size before relaxing)
 .debug_str     0x00002ff5      0xf13 Drivers\STM32F7xx_HAL_Driver\Src\stm32f7xx_hal_tim.o
                               0x1855 (size before relaxing)
 .debug_str     0x00003f08      0x636 Drivers\STM32F7xx_HAL_Driver\Src\stm32f7xx_hal_tim_ex.o
                               0x139b (size before relaxing)
 .debug_str     0x0000453e      0x796 Drivers\STM32F7xx_HAL_Driver\Src\stm32f7xx_hal_uart.o
                               0x129d (size before relaxing)
 .debug_str     0x00004cd4       0xaa Src\DFPlayer_Mini_mp3.o
                                0xbbc (size before relaxing)
 .debug_str     0x00004d7e      0x232 Src\actuator.o
                               0x1481 (size before relaxing)
 .debug_str     0x00004fb0       0x19 Src\dma.o
                                0xdcc (size before relaxing)
 .debug_str     0x00004fc9       0x1b Src\gpio.o
                                0x824 (size before relaxing)
 .debug_str     0x00004fe4       0x4d Src\i2c.o
                                0xdce (size before relaxing)
 .debug_str     0x00005031       0x1b Src\iwdg.o
                                0x6ec (size before relaxing)
 .debug_str     0x0000504c      0x306 Src\main.o
                               0x2634 (size before relaxing)
 .debug_str     0x00005352       0x36 Src\microsectimer.o
                                0x6c5 (size before relaxing)
 .debug_str     0x00005388       0x67 Src\myatan2.o
                                0x62e (size before relaxing)
 .debug_str     0x000053ef       0x2d Src\omni_wheel.o
                               0x147e (size before relaxing)
 .debug_str     0x0000541c       0x9a Src\sensor.o
                               0x157c (size before relaxing)
 .debug_str     0x000054b6       0x1b Src\stm32f7xx_hal_msp.o
                                0xcc4 (size before relaxing)
 .debug_str     0x000054d1      0x12e Src\stm32f7xx_it.o
                                0xbd8 (size before relaxing)
 .debug_str     0x000055ff       0x45 Src\system_stm32f7xx.o
                                0x8b8 (size before relaxing)
 .debug_str     0x00005644       0x5a Src\tim.o
                               0x16da (size before relaxing)
 .debug_str     0x0000569e       0x1a Src\usart.o
                                0xdfe (size before relaxing)
 .debug_str     0x000056b8       0xa8 Src\xprintf.o
                                0xc14 (size before relaxing)
 .debug_str     0x00005760      0x152 C:\Users\ryouma\Documents\GitHub\TippyRobot\F767_main\libarm_cortexM7lfdp_math.a(arm_sin_f32.o)
                                0x23f (size before relaxing)
 .debug_str     0x000058b2      0x4f9 C:\Users\ryouma\Documents\GitHub\TippyRobot\F767_main\libarm_cortexM7lfdp_math.a(arm_common_tables.o)
                                0x701 (size before relaxing)

.comment        0x00000000       0xec
 .comment       0x00000000       0x7c Drivers\STM32F7xx_HAL_Driver\Src\stm32f7xx_hal.o
                                 0x7d (size before relaxing)
 .comment       0x0000007c       0x7d Drivers\STM32F7xx_HAL_Driver\Src\stm32f7xx_hal_cortex.o
 .comment       0x0000007c       0x7d Drivers\STM32F7xx_HAL_Driver\Src\stm32f7xx_hal_dma.o
 .comment       0x0000007c       0x7d Drivers\STM32F7xx_HAL_Driver\Src\stm32f7xx_hal_gpio.o
 .comment       0x0000007c       0x7d Drivers\STM32F7xx_HAL_Driver\Src\stm32f7xx_hal_i2c.o
 .comment       0x0000007c       0x7d Drivers\STM32F7xx_HAL_Driver\Src\stm32f7xx_hal_i2c_ex.o
 .comment       0x0000007c       0x7d Drivers\STM32F7xx_HAL_Driver\Src\stm32f7xx_hal_iwdg.o
 .comment       0x0000007c       0x7d Drivers\STM32F7xx_HAL_Driver\Src\stm32f7xx_hal_pwr_ex.o
 .comment       0x0000007c       0x7d Drivers\STM32F7xx_HAL_Driver\Src\stm32f7xx_hal_rcc.o
 .comment       0x0000007c       0x7d Drivers\STM32F7xx_HAL_Driver\Src\stm32f7xx_hal_rcc_ex.o
 .comment       0x0000007c       0x7d Drivers\STM32F7xx_HAL_Driver\Src\stm32f7xx_hal_tim.o
 .comment       0x0000007c       0x7d Drivers\STM32F7xx_HAL_Driver\Src\stm32f7xx_hal_tim_ex.o
 .comment       0x0000007c       0x7d Drivers\STM32F7xx_HAL_Driver\Src\stm32f7xx_hal_uart.o
 .comment       0x0000007c       0x7d Src\DFPlayer_Mini_mp3.o
 .comment       0x0000007c       0x7d Src\actuator.o
 .comment       0x0000007c       0x7d Src\dma.o
 .comment       0x0000007c       0x7d Src\gpio.o
 .comment       0x0000007c       0x7d Src\i2c.o
 .comment       0x0000007c       0x7d Src\iwdg.o
 .comment       0x0000007c       0x7d Src\main.o
 .comment       0x0000007c       0x7d Src\microsectimer.o
 .comment       0x0000007c       0x7d Src\myatan2.o
 .comment       0x0000007c       0x7d Src\omni_wheel.o
 .comment       0x0000007c       0x7d Src\sensor.o
 .comment       0x0000007c       0x7d Src\stm32f7xx_hal_msp.o
 .comment       0x0000007c       0x7d Src\stm32f7xx_it.o
 .comment       0x0000007c       0x7d Src\system_stm32f7xx.o
 .comment       0x0000007c       0x7d Src\tim.o
 .comment       0x0000007c       0x7d Src\usart.o
 .comment       0x0000007c       0x7d Src\xprintf.o
 .comment       0x0000007c       0x70 C:\Users\ryouma\Documents\GitHub\TippyRobot\F767_main\libarm_cortexM7lfdp_math.a(arm_sin_f32.o)
                                 0x71 (size before relaxing)
 .comment       0x000000ec       0x71 C:\Users\ryouma\Documents\GitHub\TippyRobot\F767_main\libarm_cortexM7lfdp_math.a(arm_common_tables.o)

.debug_frame    0x00000000     0x3254
 .debug_frame   0x00000000      0x1f4 Drivers\STM32F7xx_HAL_Driver\Src\stm32f7xx_hal.o
 .debug_frame   0x000001f4      0x158 Drivers\STM32F7xx_HAL_Driver\Src\stm32f7xx_hal_cortex.o
 .debug_frame   0x0000034c      0x150 Drivers\STM32F7xx_HAL_Driver\Src\stm32f7xx_hal_dma.o
 .debug_frame   0x0000049c       0xd8 Drivers\STM32F7xx_HAL_Driver\Src\stm32f7xx_hal_gpio.o
 .debug_frame   0x00000574      0x804 Drivers\STM32F7xx_HAL_Driver\Src\stm32f7xx_hal_i2c.o
 .debug_frame   0x00000d78       0x70 Drivers\STM32F7xx_HAL_Driver\Src\stm32f7xx_hal_i2c_ex.o
 .debug_frame   0x00000de8       0x3c Drivers\STM32F7xx_HAL_Driver\Src\stm32f7xx_hal_iwdg.o
 .debug_frame   0x00000e24      0x13c Drivers\STM32F7xx_HAL_Driver\Src\stm32f7xx_hal_pwr_ex.o
 .debug_frame   0x00000f60      0x134 Drivers\STM32F7xx_HAL_Driver\Src\stm32f7xx_hal_rcc.o
 .debug_frame   0x00001094       0x5c Drivers\STM32F7xx_HAL_Driver\Src\stm32f7xx_hal_rcc_ex.o
 .debug_frame   0x000010f0      0x87c Drivers\STM32F7xx_HAL_Driver\Src\stm32f7xx_hal_tim.o
 .debug_frame   0x0000196c      0x3f4 Drivers\STM32F7xx_HAL_Driver\Src\stm32f7xx_hal_tim_ex.o
 .debug_frame   0x00001d60      0x424 Drivers\STM32F7xx_HAL_Driver\Src\stm32f7xx_hal_uart.o
 .debug_frame   0x00002184       0x68 Src\DFPlayer_Mini_mp3.o
 .debug_frame   0x000021ec      0x110 Src\actuator.o
 .debug_frame   0x000022fc       0x28 Src\dma.o
 .debug_frame   0x00002324       0x3c Src\gpio.o
 .debug_frame   0x00002360       0xb8 Src\i2c.o
 .debug_frame   0x00002418       0x30 Src\iwdg.o
 .debug_frame   0x00002448      0x310 Src\main.o
 .debug_frame   0x00002758       0x4c Src\microsectimer.o
 .debug_frame   0x000027a4       0x48 Src\myatan2.o
 .debug_frame   0x000027ec       0xe4 Src\omni_wheel.o
 .debug_frame   0x000028d0      0x1ac Src\sensor.o
 .debug_frame   0x00002a7c       0x2c Src\stm32f7xx_hal_msp.o
 .debug_frame   0x00002aa8       0xec Src\stm32f7xx_it.o
 .debug_frame   0x00002b94       0x38 Src\system_stm32f7xx.o
 .debug_frame   0x00002bcc      0x150 Src\tim.o
 .debug_frame   0x00002d1c      0x11c Src\usart.o
 .debug_frame   0x00002e38      0x1fc Src\xprintf.o
 .debug_frame   0x00003034       0x20 C:\Users\ryouma\Documents\GitHub\TippyRobot\F767_main\libarm_cortexM7lfdp_math.a(arm_sin_f32.o)
 .debug_frame   0x00003054       0x2c c:/program files (x86)/atollic/truestudio for stm32 9.2.0/armtools/bin/../lib/gcc/arm-atollic-eabi/6.3.1/../../../../arm-atollic-eabi/lib/armv7e-m/fpu/fpv5-d16\libc_nano.a(lib_a-init.o)
 .debug_frame   0x00003080       0x4c c:/program files (x86)/atollic/truestudio for stm32 9.2.0/armtools/bin/../lib/gcc/arm-atollic-eabi/6.3.1/../../../../arm-atollic-eabi/lib/armv7e-m/fpu/fpv5-d16\libm.a(lib_a-w_exp.o)
 .debug_frame   0x000030cc       0x3c c:/program files (x86)/atollic/truestudio for stm32 9.2.0/armtools/bin/../lib/gcc/arm-atollic-eabi/6.3.1/../../../../arm-atollic-eabi/lib/armv7e-m/fpu/fpv5-d16\libm.a(lib_a-w_log.o)
 .debug_frame   0x00003108       0x40 c:/program files (x86)/atollic/truestudio for stm32 9.2.0/armtools/bin/../lib/gcc/arm-atollic-eabi/6.3.1/../../../../arm-atollic-eabi/lib/armv7e-m/fpu/fpv5-d16\libm.a(lib_a-w_sqrt.o)
 .debug_frame   0x00003148       0x2c c:/program files (x86)/atollic/truestudio for stm32 9.2.0/armtools/bin/../lib/gcc/arm-atollic-eabi/6.3.1/../../../../arm-atollic-eabi/lib/armv7e-m/fpu/fpv5-d16\libm.a(lib_a-e_exp.o)
 .debug_frame   0x00003174       0x30 c:/program files (x86)/atollic/truestudio for stm32 9.2.0/armtools/bin/../lib/gcc/arm-atollic-eabi/6.3.1/../../../../arm-atollic-eabi/lib/armv7e-m/fpu/fpv5-d16\libm.a(lib_a-e_log.o)
 .debug_frame   0x000031a4       0x30 c:/program files (x86)/atollic/truestudio for stm32 9.2.0/armtools/bin/../lib/gcc/arm-atollic-eabi/6.3.1/../../../../arm-atollic-eabi/lib/armv7e-m/fpu/fpv5-d16\libm.a(lib_a-e_sqrt.o)
 .debug_frame   0x000031d4       0x20 c:/program files (x86)/atollic/truestudio for stm32 9.2.0/armtools/bin/../lib/gcc/arm-atollic-eabi/6.3.1/../../../../arm-atollic-eabi/lib/armv7e-m/fpu/fpv5-d16\libm.a(lib_a-s_finite.o)
 .debug_frame   0x000031f4       0x20 c:/program files (x86)/atollic/truestudio for stm32 9.2.0/armtools/bin/../lib/gcc/arm-atollic-eabi/6.3.1/../../../../arm-atollic-eabi/lib/armv7e-m/fpu/fpv5-d16\libm.a(lib_a-s_matherr.o)
 .debug_frame   0x00003214       0x20 c:/program files (x86)/atollic/truestudio for stm32 9.2.0/armtools/bin/../lib/gcc/arm-atollic-eabi/6.3.1/../../../../arm-atollic-eabi/lib/armv7e-m/fpu/fpv5-d16\libm.a(lib_a-s_nan.o)
 .debug_frame   0x00003234       0x20 c:/program files (x86)/atollic/truestudio for stm32 9.2.0/armtools/bin/../lib/gcc/arm-atollic-eabi/6.3.1/../../../../arm-atollic-eabi/lib/armv7e-m/fpu/fpv5-d16\libc_nano.a(lib_a-errno.o)
